Archive member included to satisfy reference by file (symbol)

/home/virgocoachman/.local/xPacks/@xpack-dev-tools/arm-none-eabi-gcc/10.2.1-1.1.2/.content/bin/../lib/gcc/arm-none-eabi/10.2.1/thumb/v7e-m/nofp/libgcc.a(_aeabi_uldivmod.o)
                              ./system/src/stm32f4-hal/stm32f4xx_hal_rcc.o (__aeabi_uldivmod)
/home/virgocoachman/.local/xPacks/@xpack-dev-tools/arm-none-eabi-gcc/10.2.1-1.1.2/.content/bin/../lib/gcc/arm-none-eabi/10.2.1/thumb/v7e-m/nofp/libgcc.a(_udivmoddi4.o)
                              /home/virgocoachman/.local/xPacks/@xpack-dev-tools/arm-none-eabi-gcc/10.2.1-1.1.2/.content/bin/../lib/gcc/arm-none-eabi/10.2.1/thumb/v7e-m/nofp/libgcc.a(_aeabi_uldivmod.o) (__udivmoddi4)
/home/virgocoachman/.local/xPacks/@xpack-dev-tools/arm-none-eabi-gcc/10.2.1-1.1.2/.content/bin/../lib/gcc/arm-none-eabi/10.2.1/thumb/v7e-m/nofp/libgcc.a(_dvmd_tls.o)
                              /home/virgocoachman/.local/xPacks/@xpack-dev-tools/arm-none-eabi-gcc/10.2.1-1.1.2/.content/bin/../lib/gcc/arm-none-eabi/10.2.1/thumb/v7e-m/nofp/libgcc.a(_aeabi_uldivmod.o) (__aeabi_ldiv0)
/home/virgocoachman/.local/xPacks/@xpack-dev-tools/arm-none-eabi-gcc/10.2.1-1.1.2/.content/bin/../lib/gcc/arm-none-eabi/10.2.1/../../../../arm-none-eabi/lib/thumb/v7e-m/nofp/libg_nano.a(lib_a-ctype_.o)
                              ./system/src/newlib/syscalls.o (_ctype_)
/home/virgocoachman/.local/xPacks/@xpack-dev-tools/arm-none-eabi-gcc/10.2.1-1.1.2/.content/bin/../lib/gcc/arm-none-eabi/10.2.1/../../../../arm-none-eabi/lib/thumb/v7e-m/nofp/libg_nano.a(lib_a-errno.o)
                              ./system/src/newlib/sbrk.o (__errno)
/home/virgocoachman/.local/xPacks/@xpack-dev-tools/arm-none-eabi-gcc/10.2.1-1.1.2/.content/bin/../lib/gcc/arm-none-eabi/10.2.1/../../../../arm-none-eabi/lib/thumb/v7e-m/nofp/libg_nano.a(lib_a-findfp.o)
                              ./system/src/newlib/syscalls.o (__sinit)
/home/virgocoachman/.local/xPacks/@xpack-dev-tools/arm-none-eabi-gcc/10.2.1-1.1.2/.content/bin/../lib/gcc/arm-none-eabi/10.2.1/../../../../arm-none-eabi/lib/thumb/v7e-m/nofp/libg_nano.a(lib_a-fwalk.o)
                              /home/virgocoachman/.local/xPacks/@xpack-dev-tools/arm-none-eabi-gcc/10.2.1-1.1.2/.content/bin/../lib/gcc/arm-none-eabi/10.2.1/../../../../arm-none-eabi/lib/thumb/v7e-m/nofp/libg_nano.a(lib_a-findfp.o) (_fwalk)
/home/virgocoachman/.local/xPacks/@xpack-dev-tools/arm-none-eabi-gcc/10.2.1-1.1.2/.content/bin/../lib/gcc/arm-none-eabi/10.2.1/../../../../arm-none-eabi/lib/thumb/v7e-m/nofp/libg_nano.a(lib_a-impure.o)
                              /home/virgocoachman/.local/xPacks/@xpack-dev-tools/arm-none-eabi-gcc/10.2.1-1.1.2/.content/bin/../lib/gcc/arm-none-eabi/10.2.1/../../../../arm-none-eabi/lib/thumb/v7e-m/nofp/libg_nano.a(lib_a-findfp.o) (_global_impure_ptr)
/home/virgocoachman/.local/xPacks/@xpack-dev-tools/arm-none-eabi-gcc/10.2.1-1.1.2/.content/bin/../lib/gcc/arm-none-eabi/10.2.1/../../../../arm-none-eabi/lib/thumb/v7e-m/nofp/libg_nano.a(lib_a-lock.o)
                              /home/virgocoachman/.local/xPacks/@xpack-dev-tools/arm-none-eabi-gcc/10.2.1-1.1.2/.content/bin/../lib/gcc/arm-none-eabi/10.2.1/../../../../arm-none-eabi/lib/thumb/v7e-m/nofp/libg_nano.a(lib_a-findfp.o) (__retarget_lock_init_recursive)
/home/virgocoachman/.local/xPacks/@xpack-dev-tools/arm-none-eabi-gcc/10.2.1-1.1.2/.content/bin/../lib/gcc/arm-none-eabi/10.2.1/../../../../arm-none-eabi/lib/thumb/v7e-m/nofp/libg_nano.a(lib_a-memset.o)
                              ./system/src/newlib/syscalls.o (memset)
/home/virgocoachman/.local/xPacks/@xpack-dev-tools/arm-none-eabi-gcc/10.2.1-1.1.2/.content/bin/../lib/gcc/arm-none-eabi/10.2.1/../../../../arm-none-eabi/lib/thumb/v7e-m/nofp/libg_nano.a(lib_a-nano-mallocr.o)
                              /home/virgocoachman/.local/xPacks/@xpack-dev-tools/arm-none-eabi-gcc/10.2.1-1.1.2/.content/bin/../lib/gcc/arm-none-eabi/10.2.1/../../../../arm-none-eabi/lib/thumb/v7e-m/nofp/libg_nano.a(lib_a-findfp.o) (_malloc_r)
/home/virgocoachman/.local/xPacks/@xpack-dev-tools/arm-none-eabi-gcc/10.2.1-1.1.2/.content/bin/../lib/gcc/arm-none-eabi/10.2.1/../../../../arm-none-eabi/lib/thumb/v7e-m/nofp/libg_nano.a(lib_a-puts.o)
                              ./src/main.o (puts)
/home/virgocoachman/.local/xPacks/@xpack-dev-tools/arm-none-eabi-gcc/10.2.1-1.1.2/.content/bin/../lib/gcc/arm-none-eabi/10.2.1/../../../../arm-none-eabi/lib/thumb/v7e-m/nofp/libg_nano.a(lib_a-sbrkr.o)
                              /home/virgocoachman/.local/xPacks/@xpack-dev-tools/arm-none-eabi-gcc/10.2.1-1.1.2/.content/bin/../lib/gcc/arm-none-eabi/10.2.1/../../../../arm-none-eabi/lib/thumb/v7e-m/nofp/libg_nano.a(lib_a-nano-mallocr.o) (_sbrk_r)
/home/virgocoachman/.local/xPacks/@xpack-dev-tools/arm-none-eabi-gcc/10.2.1-1.1.2/.content/bin/../lib/gcc/arm-none-eabi/10.2.1/../../../../arm-none-eabi/lib/thumb/v7e-m/nofp/libg_nano.a(lib_a-stdio.o)
[...]
Memory Configuration

Name             Origin             Length             Attributes
RAM              0x0000000020000000 0x0000000000020000 xrw
CCMRAM           0x0000000010000000 0x0000000000010000 xrw
FLASH            0x0000000008000000 0x0000000000100000 xr
FLASHB1          0x0000000000000000 0x0000000000000000 xr
EXTMEMB0         0x0000000000000000 0x0000000000000000 xr
EXTMEMB1         0x0000000000000000 0x0000000000000000 xr
EXTMEMB2         0x0000000000000000 0x0000000000000000 xr
EXTMEMB3         0x0000000000000000 0x0000000000000000 xr
MEMORY_ARRAY     0x0000000020002000 0x0000000000000020 xrw
*default*        0x0000000000000000 0xffffffffffffffff

Linker script and memory map

LOAD ./system/src/stm32f4-hal/stm32f4xx_hal.o
LOAD ./system/src/stm32f4-hal/stm32f4xx_hal_cortex.o
LOAD ./system/src/stm32f4-hal/stm32f4xx_hal_flash.o
LOAD ./system/src/stm32f4-hal/stm32f4xx_hal_flash_ex.o
LOAD ./system/src/stm32f4-hal/stm32f4xx_hal_flash_ramfunc.o
LOAD ./system/src/stm32f4-hal/stm32f4xx_hal_gpio.o
LOAD ./system/src/stm32f4-hal/stm32f4xx_hal_iwdg.o
LOAD ./system/src/stm32f4-hal/stm32f4xx_hal_pwr.o
LOAD ./system/src/stm32f4-hal/stm32f4xx_hal_rcc.o
LOAD ./system/src/newlib/assert.o
LOAD ./system/src/newlib/cxx.o
LOAD ./system/src/newlib/exit.o
LOAD ./system/src/newlib/sbrk.o
LOAD ./system/src/newlib/startup.o
LOAD ./system/src/newlib/syscalls.o
LOAD ./system/src/diag/trace-impl.o
LOAD ./system/src/diag/trace.o
LOAD ./system/src/cortexm/exception-handlers.o
LOAD ./system/src/cortexm/initialize-hardware.o
LOAD ./system/src/cortexm/reset-hardware.o
LOAD ./system/src/cmsis/system_stm32f4xx.o
LOAD ./system/src/cmsis/vectors_stm32f407xx.o
LOAD ./src/initialize-hardware.o
LOAD ./src/led.o
LOAD ./src/main.o
LOAD ./src/stm32f4xx_hal_msp.o
LOAD ./src/timer.o
LOAD ./src/write.o
LOAD /home/virgocoachman/.local/xPacks/@xpack-dev-tools/arm-none-eabi-gcc/10.2.1-1.1.2/.content/bin/../lib/gcc/arm-none-eabi/10.2.1/../../../../arm-none-eabi/lib/thumb/v7e-m/nofp/libstdc++_nano.a
LOAD /home/virgocoachman/.local/xPacks/@xpack-dev-tools/arm-none-eabi-gcc/10.2.1-1.1.2/.content/bin/../lib/gcc/arm-none-eabi/10.2.1/../../../../arm-none-eabi/lib/thumb/v7e-m/nofp/libm.a
START GROUP
LOAD /home/virgocoachman/.local/xPacks/@xpack-dev-tools/arm-none-eabi-gcc/10.2.1-1.1.2/.content/bin/../lib/gcc/arm-none-eabi/10.2.1/thumb/v7e-m/nofp/libgcc.a
LOAD /home/virgocoachman/.local/xPacks/@xpack-dev-tools/arm-none-eabi-gcc/10.2.1-1.1.2/.content/bin/../lib/gcc/arm-none-eabi/10.2.1/../../../../arm-none-eabi/lib/thumb/v7e-m/nofp/libg_nano.a
LOAD /home/virgocoachman/.local/xPacks/@xpack-dev-tools/arm-none-eabi-gcc/10.2.1-1.1.2/.content/bin/../lib/gcc/arm-none-eabi/10.2.1/../../../../arm-none-eabi/lib/thumb/v7e-m/nofp/libc_nano.a
END GROUP
START GROUP
LOAD /home/virgocoachman/.local/xPacks/@xpack-dev-tools/arm-none-eabi-gcc/10.2.1-1.1.2/.content/bin/../lib/gcc/arm-none-eabi/10.2.1/thumb/v7e-m/nofp/libgcc.a
LOAD /home/virgocoachman/.local/xPacks/@xpack-dev-tools/arm-none-eabi-gcc/10.2.1-1.1.2/.content/bin/../lib/gcc/arm-none-eabi/10.2.1/../../../../arm-none-eabi/lib/thumb/v7e-m/nofp/libc_nano.a
END GROUP
                0x0000000020020000                __stack = (ORIGIN (RAM) + LENGTH (RAM))
                0x0000000020020000                _estack = __stack
                0x0000000000000400                __Main_Stack_Size = 0x400
                [!provide]                        PROVIDE (_Main_Stack_Size = __Main_Stack_Size)
                0x000000002001fc00                __Main_Stack_Limit = (__stack - __Main_Stack_Size)
                [!provide]                        PROVIDE (_Main_Stack_Limit = __Main_Stack_Limit)
                0x0000000000000100                _Minimum_Stack_Size = 0x100
                0x0000000020000244                PROVIDE (_Heap_Begin = _end_noinit)
                0x000000002001fc00                PROVIDE (_Heap_Limit = (__stack - __Main_Stack_Size))

.isr_vector     0x0000000008000000      0x3e8
 FILL mask 0xff
                0x0000000008000000                __vectors_start = ABSOLUTE (.)
                0x0000000008000000                __vectors_start__ = ABSOLUTE (.)
 *(.isr_vector)
 .isr_vector    0x0000000008000000      0x188 ./system/src/cmsis/vectors_stm32f407xx.o
                0x0000000008000000                __isr_vectors
 *(.cfmconfig)
 *(.after_vectors .after_vectors.*)
 .after_vectors
                0x0000000008000188      0x130 ./system/src/newlib/startup.o
                0x0000000008000188                _start
 .after_vectors
                0x00000000080002b8      0x12c ./system/src/cortexm/exception-handlers.o
                0x00000000080002b8                Reset_Handler
                0x00000000080002be                NMI_Handler
                0x00000000080002c2                HardFault_Handler
                0x00000000080002d6                HardFault_Handler_C
                0x0000000008000334                MemManage_Handler
                0x0000000008000338                BusFault_Handler
                0x000000000800034c                BusFault_Handler_C
                0x0000000008000380                UsageFault_Handler
                0x0000000008000394                UsageFault_Handler_C
                0x00000000080003c8                SVC_Handler
                0x00000000080003cc                DebugMon_Handler
                0x00000000080003d0                PendSV_Handler
 .after_vectors
                0x00000000080003e4        0x4 ./system/src/cmsis/vectors_stm32f407xx.o
                0x00000000080003e4                RTC_Alarm_IRQHandler
                0x00000000080003e4                HASH_RNG_IRQHandler
                0x00000000080003e4                EXTI2_IRQHandler
                0x00000000080003e4                TIM8_CC_IRQHandler
                0x00000000080003e4                TIM1_CC_IRQHandler
                0x00000000080003e4                DMA2_Stream5_IRQHandler
                0x00000000080003e4                DMA1_Stream5_IRQHandler
                0x00000000080003e4                PVD_IRQHandler
                0x00000000080003e4                SDIO_IRQHandler
                0x00000000080003e4                TAMP_STAMP_IRQHandler
                0x00000000080003e4                CAN2_RX1_IRQHandler
                0x00000000080003e4                EXTI3_IRQHandler
                0x00000000080003e4                TIM8_TRG_COM_TIM14_IRQHandler
                0x00000000080003e4                TIM1_UP_TIM10_IRQHandler
                0x00000000080003e4                TIM8_UP_TIM13_IRQHandler
                0x00000000080003e4                I2C3_ER_IRQHandler
                0x00000000080003e4                EXTI0_IRQHandler
                0x00000000080003e4                I2C2_EV_IRQHandler
                0x00000000080003e4                DMA1_Stream2_IRQHandler
                0x00000000080003e4                CAN1_RX0_IRQHandler
                0x00000000080003e4                FPU_IRQHandler
                0x00000000080003e4                OTG_HS_WKUP_IRQHandler
                0x00000000080003e4                CAN2_SCE_IRQHandler
                0x00000000080003e4                DMA2_Stream2_IRQHandler
                0x00000000080003e4                SPI1_IRQHandler
                0x00000000080003e4                TIM6_DAC_IRQHandler
                0x00000000080003e4                TIM1_BRK_TIM9_IRQHandler
                0x00000000080003e4                DCMI_IRQHandler
                0x00000000080003e4                CAN2_RX0_IRQHandler
                0x00000000080003e4                DMA2_Stream3_IRQHandler
                0x00000000080003e4                USART6_IRQHandler
                0x00000000080003e4                USART3_IRQHandler
                0x00000000080003e4                CAN1_RX1_IRQHandler
                0x00000000080003e4                UART5_IRQHandler
                0x00000000080003e4                DMA2_Stream0_IRQHandler
                0x00000000080003e4                TIM4_IRQHandler
                0x00000000080003e4                I2C1_EV_IRQHandler
                0x00000000080003e4                DMA1_Stream6_IRQHandler
                0x00000000080003e4                DMA1_Stream1_IRQHandler
                0x00000000080003e4                UART4_IRQHandler
                0x00000000080003e4                TIM3_IRQHandler
                0x00000000080003e4                RCC_IRQHandler
                0x00000000080003e4                TIM8_BRK_TIM12_IRQHandler
                0x00000000080003e4                Default_Handler
                0x00000000080003e4                EXTI15_10_IRQHandler
                0x00000000080003e4                ADC_IRQHandler
                0x00000000080003e4                DMA1_Stream7_IRQHandler
                0x00000000080003e4                TIM7_IRQHandler
                0x00000000080003e4                CAN2_TX_IRQHandler
                0x00000000080003e4                TIM5_IRQHandler
                0x00000000080003e4                DMA2_Stream7_IRQHandler
                0x00000000080003e4                I2C3_EV_IRQHandler
                0x00000000080003e4                EXTI9_5_IRQHandler
                0x00000000080003e4                RTC_WKUP_IRQHandler
                0x00000000080003e4                ETH_WKUP_IRQHandler
                0x00000000080003e4                SPI2_IRQHandler
                0x00000000080003e4                OTG_HS_EP1_IN_IRQHandler
                0x00000000080003e4                DMA1_Stream0_IRQHandler
                0x00000000080003e4                CAN1_TX_IRQHandler
                0x00000000080003e4                EXTI4_IRQHandler
                0x00000000080003e4                ETH_IRQHandler
                0x00000000080003e4                OTG_HS_EP1_OUT_IRQHandler
                0x00000000080003e4                WWDG_IRQHandler
                0x00000000080003e4                TIM2_IRQHandler
                0x00000000080003e4                OTG_FS_WKUP_IRQHandler
                0x00000000080003e4                TIM1_TRG_COM_TIM11_IRQHandler
                0x00000000080003e4                OTG_HS_IRQHandler
                0x00000000080003e4                EXTI1_IRQHandler
                0x00000000080003e4                USART2_IRQHandler
                0x00000000080003e4                I2C2_ER_IRQHandler
                0x00000000080003e4                DMA2_Stream1_IRQHandler
                0x00000000080003e4                CAN1_SCE_IRQHandler
                0x00000000080003e4                FLASH_IRQHandler
                0x00000000080003e4                DMA2_Stream4_IRQHandler
                0x00000000080003e4                USART1_IRQHandler
                0x00000000080003e4                OTG_FS_IRQHandler
                0x00000000080003e4                SPI3_IRQHandler
                0x00000000080003e4                DMA1_Stream4_IRQHandler
                0x00000000080003e4                I2C1_ER_IRQHandler
                0x00000000080003e4                FMC_IRQHandler
                0x00000000080003e4                DMA2_Stream6_IRQHandler
                0x00000000080003e4                DMA1_Stream3_IRQHandler

.inits          0x00000000080003e8       0x28
                0x00000000080003e8                __data_regions_array_start = .
                0x00000000080003e8        0x4 LONG 0x80032f0 LOADADDR (.data)
                0x00000000080003ec        0x4 LONG 0x20000000 ADDR (.data)
                0x00000000080003f0        0x4 LONG 0x20000078 (ADDR (.data) + SIZEOF (.data))
                0x00000000080003f4        0x4 LONG 0x80032f0 LOADADDR (.data_CCMRAM)
                0x00000000080003f8        0x4 LONG 0x10000000 ADDR (.data_CCMRAM)
                0x00000000080003fc        0x4 LONG 0x10000000 (ADDR (.data_CCMRAM) + SIZEOF (.data_CCMRAM))
                0x0000000008000400                __data_regions_array_end = .
                0x0000000008000400                __bss_regions_array_start = .
                0x0000000008000400        0x4 LONG 0x20000078 ADDR (.bss)
                0x0000000008000404        0x4 LONG 0x20000244 (ADDR (.bss) + SIZEOF (.bss))
                0x0000000008000408        0x4 LONG 0x10000000 ADDR (.bss_CCMRAM)
                0x000000000800040c        0x4 LONG 0x10000000 (ADDR (.bss_CCMRAM) + SIZEOF (.bss_CCMRAM))
                0x0000000008000410                __bss_regions_array_end = .
 *(.init)
 *(.fini)
                0x0000000008000410                . = ALIGN (0x4)
                0x0000000008000410                PROVIDE (__preinit_array_start = .)
 *(.preinit_array_sysinit .preinit_array_sysinit.*)
 *(.preinit_array_platform .preinit_array_platform.*)
 *(.preinit_array .preinit_array.*)
                0x0000000008000410                PROVIDE (__preinit_array_end = .)
                0x0000000008000410                . = ALIGN (0x4)
                0x0000000008000410                PROVIDE (__init_array_start = .)
 *(SORT_BY_NAME(.init_array.*))
 *(.init_array)
                0x0000000008000410                PROVIDE (__init_array_end = .)
                0x0000000008000410                . = ALIGN (0x4)
                0x0000000008000410                PROVIDE (__fini_array_start = .)
 *(SORT_BY_NAME(.fini_array.*))
 *(.fini_array)
                0x0000000008000410                PROVIDE (__fini_array_end = .)

.flashtext
 *(.flashtext .flashtext.*)

.text           0x0000000008000410     0x2ed7
 *(.text .text.*)
 .text.HAL_InitTick
                0x0000000008000410       0x4c ./system/src/stm32f4-hal/stm32f4xx_hal.o
                0x0000000008000410                HAL_InitTick
 .text.HAL_Init
                0x000000000800045c       0x34 ./system/src/stm32f4-hal/stm32f4xx_hal.o
                0x000000000800045c                HAL_Init
 .text.HAL_IncTick
                0x0000000008000490       0x18 ./system/src/stm32f4-hal/stm32f4xx_hal.o
                0x0000000008000490                HAL_IncTick
 .text.HAL_GetTick
                0x00000000080004a8        0xc ./system/src/stm32f4-hal/stm32f4xx_hal.o
                0x00000000080004a8                HAL_GetTick
 .text.HAL_NVIC_SetPriorityGrouping
                0x00000000080004b4       0x3c ./system/src/stm32f4-hal/stm32f4xx_hal_cortex.o
                0x00000000080004b4                HAL_NVIC_SetPriorityGrouping
 .text.HAL_NVIC_SetPriority
                0x00000000080004f0       0x8c ./system/src/stm32f4-hal/stm32f4xx_hal_cortex.o
                0x00000000080004f0                HAL_NVIC_SetPriority
 .text.HAL_SYSTICK_Config
                0x000000000800057c       0x28 ./system/src/stm32f4-hal/stm32f4xx_hal_cortex.o
                0x000000000800057c                HAL_SYSTICK_Config
 .text.HAL_SYSTICK_CLKSourceConfig
                0x00000000080005a4       0x3c ./system/src/stm32f4-hal/stm32f4xx_hal_cortex.o
                0x00000000080005a4                HAL_SYSTICK_CLKSourceConfig
 .text.HAL_GPIO_Init
                0x00000000080005e0      0x2f4 ./system/src/stm32f4-hal/stm32f4xx_hal_gpio.o
                0x00000000080005e0                HAL_GPIO_Init
 .text.HAL_GPIO_ReadPin
                0x00000000080008d4       0x28 ./system/src/stm32f4-hal/stm32f4xx_hal_gpio.o
                0x00000000080008d4                HAL_GPIO_ReadPin
 .text.HAL_GPIO_WritePin
                0x00000000080008fc       0x38 ./system/src/stm32f4-hal/stm32f4xx_hal_gpio.o
                0x00000000080008fc                HAL_GPIO_WritePin
 .text.HAL_RCC_OscConfig
                0x0000000008000934      0x4f0 ./system/src/stm32f4-hal/stm32f4xx_hal_rcc.o
                0x0000000008000934                HAL_RCC_OscConfig
 .text.HAL_RCC_GetSysClockFreq
                0x0000000008000e24       0xd4 ./system/src/stm32f4-hal/stm32f4xx_hal_rcc.o
                0x0000000008000e24                HAL_RCC_GetSysClockFreq
 .text.HAL_RCC_ClockConfig
                0x0000000008000ef8      0x21c ./system/src/stm32f4-hal/stm32f4xx_hal_rcc.o
                0x0000000008000ef8                HAL_RCC_ClockConfig
 .text.HAL_RCC_GetHCLKFreq
                0x0000000008001114        0xc ./system/src/stm32f4-hal/stm32f4xx_hal_rcc.o
                0x0000000008001114                HAL_RCC_GetHCLKFreq
 .text._sbrk    0x0000000008001120       0x44 ./system/src/newlib/sbrk.o
                0x0000000008001120                _sbrk
 .text.get_errno
                0x0000000008001164       0x12 ./system/src/newlib/syscalls.o
 .text.error    0x0000000008001176       0x14 ./system/src/newlib/syscalls.o
 .text.checkerror
                0x000000000800118a       0x10 ./system/src/newlib/syscalls.o
 *fill*         0x000000000800119a        0x2 
 .text.findslot
                0x000000000800119c       0x3c ./system/src/newlib/syscalls.o
 .text._exit    0x00000000080011d8       0x20 ./system/src/newlib/syscalls.o
                0x00000000080011d8                _exit
 .text.initialise_monitor_handles
                0x00000000080011f8       0xa8 ./system/src/newlib/syscalls.o
                0x00000000080011f8                initialise_monitor_handles
 .text.__initialize_args
                0x00000000080012a0       0xc0 ./system/src/newlib/syscalls.o
                0x00000000080012a0                __initialize_args
 .text._swiread
                0x0000000008001360       0x20 ./system/src/newlib/syscalls.o
                0x0000000008001360                _swiread
 .text._read    0x0000000008001380       0x36 ./system/src/newlib/syscalls.o
                0x0000000008001380                _read
 .text._swilseek
                0x00000000080013b6       0x96 ./system/src/newlib/syscalls.o
                0x00000000080013b6                _swilseek
 .text._lseek   0x000000000800144c        0x8 ./system/src/newlib/syscalls.o
                0x000000000800144c                _lseek
 .text._swiwrite
                0x0000000008001454       0x20 ./system/src/newlib/syscalls.o
                0x0000000008001454                _swiwrite
 .text._write   0x0000000008001474       0x46 ./system/src/newlib/syscalls.o
                0x0000000008001474                _write
 .text._swiclose
                0x00000000080014ba       0x1c ./system/src/newlib/syscalls.o
                0x00000000080014ba                _swiclose
 *fill*         0x00000000080014d6        0x2 
 .text._close   0x00000000080014d8       0x48 ./system/src/newlib/syscalls.o
                0x00000000080014d8                _close
 .text._swistat
                0x0000000008001520       0x44 ./system/src/newlib/syscalls.o
                0x0000000008001520                _swistat
 .text._fstat   0x0000000008001564       0x1a ./system/src/newlib/syscalls.o
                0x0000000008001564                _fstat
 .text._isatty  0x000000000800157e       0x36 ./system/src/newlib/syscalls.o
                0x000000000800157e                _isatty
 .text._trace_write_semihosting_stdout
                0x00000000080015b4       0x68 ./system/src/diag/trace-impl.o
 .text.trace_write
                0x000000000800161c        0x8 ./system/src/diag/trace-impl.o
                0x000000000800161c                trace_write
 .text.trace_printf
                0x0000000008001624       0x34 ./system/src/diag/trace.o
                0x0000000008001624                trace_printf
 .text.dumpExceptionStack
                0x0000000008001658       0xf4 ./system/src/cortexm/exception-handlers.o
                0x0000000008001658                dumpExceptionStack
 .text.isSemihosting
                0x000000000800174c      0x100 ./system/src/cortexm/exception-handlers.o
                0x000000000800174c                isSemihosting
 .text.__initialize_hardware_early
                0x000000000800184c       0x18 ./system/src/cortexm/initialize-hardware.o
                0x000000000800184c                __initialize_hardware_early
 .text.SystemInit
                0x0000000008001864       0x10 ./system/src/cmsis/system_stm32f4xx.o
                0x0000000008001864                SystemInit
 .text.SystemCoreClockUpdate
                0x0000000008001874       0xa0 ./system/src/cmsis/system_stm32f4xx.o
                0x0000000008001874                SystemCoreClockUpdate
 .text.SystemClock_Config
                0x0000000008001914       0xa0 ./src/initialize-hardware.o
                0x0000000008001914                SystemClock_Config
 .text.__initialize_hardware
                0x00000000080019b4       0x10 ./src/initialize-hardware.o
                0x00000000080019b4                __initialize_hardware
 .text.assert_failed
                0x00000000080019c4       0x14 ./src/initialize-hardware.o
                0x00000000080019c4                assert_failed
 .text.blink_led_on
                0x00000000080019d8       0x14 ./src/led.o
                0x00000000080019d8                blink_led_on
 .text.blink_led_off
                0x00000000080019ec       0x14 ./src/led.o
                0x00000000080019ec                blink_led_off
 .text.blink_led_init
                0x0000000008001a00       0x38 ./src/led.o
                0x0000000008001a00                blink_led_init
 .text.Init_PushButton
                0x0000000008001a38       0x3c ./src/main.o
                0x0000000008001a38                Init_PushButton
 .text.main     0x0000000008001a74       0x30 ./src/main.o
                0x0000000008001a74                main
 .text.HAL_MspInit
                0x0000000008001aa4        0x2 ./src/stm32f4xx_hal_msp.o
                0x0000000008001aa4                HAL_MspInit
 *fill*         0x0000000008001aa6        0x2 
 .text.timer_tick
                0x0000000008001aa8       0x14 ./src/timer.o
                0x0000000008001aa8                timer_tick
 .text.SysTick_Handler
                0x0000000008001abc        0xc ./src/timer.o
                0x0000000008001abc                SysTick_Handler
 .text          0x0000000008001ac8       0x30 /home/virgocoachman/.local/xPacks/@xpack-dev-tools/arm-none-eabi-gcc/10.2.1-1.1.2/.content/bin/../lib/gcc/arm-none-eabi/10.2.1/thumb/v7e-m/nofp/libgcc.a(_aeabi_uldivmod.o)
                0x0000000008001ac8                __aeabi_uldivmod
 .text.__udivmoddi4
                0x0000000008001af8      0x2d0 /home/virgocoachman/.local/xPacks/@xpack-dev-tools/arm-none-eabi-gcc/10.2.1-1.1.2/.content/bin/../lib/gcc/arm-none-eabi/10.2.1/thumb/v7e-m/nofp/libgcc.a(_udivmoddi4.o)
                0x0000000008001af8                __udivmoddi4
 .text          0x0000000008001dc8        0x4 /home/virgocoachman/.local/xPacks/@xpack-dev-tools/arm-none-eabi-gcc/10.2.1-1.1.2/.content/bin/../lib/gcc/arm-none-eabi/10.2.1/thumb/v7e-m/nofp/libgcc.a(_dvmd_tls.o)
                0x0000000008001dc8                __aeabi_ldiv0
                0x0000000008001dc8                __aeabi_idiv0
 .text.__errno  0x0000000008001dcc        0xc /home/virgocoachman/.local/xPacks/@xpack-dev-tools/arm-none-eabi-gcc/10.2.1-1.1.2/.content/bin/../lib/gcc/arm-none-eabi/10.2.1/../../../../arm-none-eabi/lib/thumb/v7e-m/nofp/libg_nano.a(lib_a-errno.o)
                0x0000000008001dcc                __errno
 .text.std      0x0000000008001dd8       0x48 /home/virgocoachman/.local/xPacks/@xpack-dev-tools/arm-none-eabi-gcc/10.2.1-1.1.2/.content/bin/../lib/gcc/arm-none-eabi/10.2.1/../../../../arm-none-eabi/lib/thumb/v7e-m/nofp/libg_nano.a(lib_a-findfp.o)
 .text._cleanup_r
                0x0000000008001e20        0xc /home/virgocoachman/.local/xPacks/@xpack-dev-tools/arm-none-eabi-gcc/10.2.1-1.1.2/.content/bin/../lib/gcc/arm-none-eabi/10.2.1/../../../../arm-none-eabi/lib/thumb/v7e-m/nofp/libg_nano.a(lib_a-findfp.o)
                0x0000000008001e20                _cleanup_r
 .text.__sfmoreglue
                0x0000000008001e2c       0x2c /home/virgocoachman/.local/xPacks/@xpack-dev-tools/arm-none-eabi-gcc/10.2.1-1.1.2/.content/bin/../lib/gcc/arm-none-eabi/10.2.1/../../../../arm-none-eabi/lib/thumb/v7e-m/nofp/libg_nano.a(lib_a-findfp.o)
                0x0000000008001e2c                __sfmoreglue
 .text.__sfp_lock_acquire
                0x0000000008001e58        0xc /home/virgocoachman/.local/xPacks/@xpack-dev-tools/arm-none-eabi-gcc/10.2.1-1.1.2/.content/bin/../lib/gcc/arm-none-eabi/10.2.1/../../../../arm-none-eabi/lib/thumb/v7e-m/nofp/libg_nano.a(lib_a-findfp.o)
                0x0000000008001e58                __sfp_lock_acquire
 .text.__sfp_lock_release
                0x0000000008001e64        0xc /home/virgocoachman/.local/xPacks/@xpack-dev-tools/arm-none-eabi-gcc/10.2.1-1.1.2/.content/bin/../lib/gcc/arm-none-eabi/10.2.1/../../../../arm-none-eabi/lib/thumb/v7e-m/nofp/libg_nano.a(lib_a-findfp.o)
                0x0000000008001e64                __sfp_lock_release
 .text.__sinit_lock_acquire
                0x0000000008001e70        0xc /home/virgocoachman/.local/xPacks/@xpack-dev-tools/arm-none-eabi-gcc/10.2.1-1.1.2/.content/bin/../lib/gcc/arm-none-eabi/10.2.1/../../../../arm-none-eabi/lib/thumb/v7e-m/nofp/libg_nano.a(lib_a-findfp.o)
                0x0000000008001e70                __sinit_lock_acquire
 .text.__sinit_lock_release
                0x0000000008001e7c        0xc /home/virgocoachman/.local/xPacks/@xpack-dev-tools/arm-none-eabi-gcc/10.2.1-1.1.2/.content/bin/../lib/gcc/arm-none-eabi/10.2.1/../../../../arm-none-eabi/lib/thumb/v7e-m/nofp/libg_nano.a(lib_a-findfp.o)
                0x0000000008001e7c                __sinit_lock_release
 .text.__sinit  0x0000000008001e88       0x70 /home/virgocoachman/.local/xPacks/@xpack-dev-tools/arm-none-eabi-gcc/10.2.1-1.1.2/.content/bin/../lib/gcc/arm-none-eabi/10.2.1/../../../../arm-none-eabi/lib/thumb/v7e-m/nofp/libg_nano.a(lib_a-findfp.o)
                0x0000000008001e88                __sinit
 .text.__sfp    0x0000000008001ef8       0x8c /home/virgocoachman/.local/xPacks/@xpack-dev-tools/arm-none-eabi-gcc/10.2.1-1.1.2/.content/bin/../lib/gcc/arm-none-eabi/10.2.1/../../../../arm-none-eabi/lib/thumb/v7e-m/nofp/libg_nano.a(lib_a-findfp.o)
                0x0000000008001ef8                __sfp
 .text._fwalk_reent
                0x0000000008001f84       0x3e /home/virgocoachman/.local/xPacks/@xpack-dev-tools/arm-none-eabi-gcc/10.2.1-1.1.2/.content/bin/../lib/gcc/arm-none-eabi/10.2.1/../../../../arm-none-eabi/lib/thumb/v7e-m/nofp/libg_nano.a(lib_a-fwalk.o)
                0x0000000008001f84                _fwalk_reent
 .text.__retarget_lock_init_recursive
                0x0000000008001fc2        0x2 /home/virgocoachman/.local/xPacks/@xpack-dev-tools/arm-none-eabi-gcc/10.2.1-1.1.2/.content/bin/../lib/gcc/arm-none-eabi/10.2.1/../../../../arm-none-eabi/lib/thumb/v7e-m/nofp/libg_nano.a(lib_a-lock.o)
                0x0000000008001fc2                __retarget_lock_init_recursive
 .text.__retarget_lock_acquire_recursive
                0x0000000008001fc4        0x2 /home/virgocoachman/.local/xPacks/@xpack-dev-tools/arm-none-eabi-gcc/10.2.1-1.1.2/.content/bin/../lib/gcc/arm-none-eabi/10.2.1/../../../../arm-none-eabi/lib/thumb/v7e-m/nofp/libg_nano.a(lib_a-lock.o)
                0x0000000008001fc4                __retarget_lock_acquire_recursive
 .text.__retarget_lock_release_recursive
                0x0000000008001fc6        0x2 /home/virgocoachman/.local/xPacks/@xpack-dev-tools/arm-none-eabi-gcc/10.2.1-1.1.2/.content/bin/../lib/gcc/arm-none-eabi/10.2.1/../../../../arm-none-eabi/lib/thumb/v7e-m/nofp/libg_nano.a(lib_a-lock.o)
                0x0000000008001fc6                __retarget_lock_release_recursive
 .text.memset   0x0000000008001fc8       0x10 /home/virgocoachman/.local/xPacks/@xpack-dev-tools/arm-none-eabi-gcc/10.2.1-1.1.2/.content/bin/../lib/gcc/arm-none-eabi/10.2.1/../../../../arm-none-eabi/lib/thumb/v7e-m/nofp/libg_nano.a(lib_a-memset.o)
                0x0000000008001fc8                memset
 .text._malloc_r
                0x0000000008001fd8       0xb4 /home/virgocoachman/.local/xPacks/@xpack-dev-tools/arm-none-eabi-gcc/10.2.1-1.1.2/.content/bin/../lib/gcc/arm-none-eabi/10.2.1/../../../../arm-none-eabi/lib/thumb/v7e-m/nofp/libg_nano.a(lib_a-nano-mallocr.o)
                0x0000000008001fd8                _malloc_r
 .text._puts_r  0x000000000800208c       0xdc /home/virgocoachman/.local/xPacks/@xpack-dev-tools/arm-none-eabi-gcc/10.2.1-1.1.2/.content/bin/../lib/gcc/arm-none-eabi/10.2.1/../../../../arm-none-eabi/lib/thumb/v7e-m/nofp/libg_nano.a(lib_a-puts.o)
                0x000000000800208c                _puts_r
 .text.puts     0x0000000008002168       0x10 /home/virgocoachman/.local/xPacks/@xpack-dev-tools/arm-none-eabi-gcc/10.2.1-1.1.2/.content/bin/../lib/gcc/arm-none-eabi/10.2.1/../../../../arm-none-eabi/lib/thumb/v7e-m/nofp/libg_nano.a(lib_a-puts.o)
                0x0000000008002168                puts
 .text._sbrk_r  0x0000000008002178       0x20 /home/virgocoachman/.local/xPacks/@xpack-dev-tools/arm-none-eabi-gcc/10.2.1-1.1.2/.content/bin/../lib/gcc/arm-none-eabi/10.2.1/../../../../arm-none-eabi/lib/thumb/v7e-m/nofp/libg_nano.a(lib_a-sbrkr.o)
                0x0000000008002178                _sbrk_r
 .text.__sread  0x0000000008002198       0x22 /home/virgocoachman/.local/xPacks/@xpack-dev-tools/arm-none-eabi-gcc/10.2.1-1.1.2/.content/bin/../lib/gcc/arm-none-eabi/10.2.1/../../../../arm-none-eabi/lib/thumb/v7e-m/nofp/libg_nano.a(lib_a-stdio.o)
                0x0000000008002198                __sread
 .text.__swrite
                0x00000000080021ba       0x38 /home/virgocoachman/.local/xPacks/@xpack-dev-tools/arm-none-eabi-gcc/10.2.1-1.1.2/.content/bin/../lib/gcc/arm-none-eabi/10.2.1/../../../../arm-none-eabi/lib/thumb/v7e-m/nofp/libg_nano.a(lib_a-stdio.o)
                0x00000000080021ba                __swrite
 .text.__sseek  0x00000000080021f2       0x24 /home/virgocoachman/.local/xPacks/@xpack-dev-tools/arm-none-eabi-gcc/10.2.1-1.1.2/.content/bin/../lib/gcc/arm-none-eabi/10.2.1/../../../../arm-none-eabi/lib/thumb/v7e-m/nofp/libg_nano.a(lib_a-stdio.o)
                0x00000000080021f2                __sseek
 .text.__sclose
                0x0000000008002216        0x8 /home/virgocoachman/.local/xPacks/@xpack-dev-tools/arm-none-eabi-gcc/10.2.1-1.1.2/.content/bin/../lib/gcc/arm-none-eabi/10.2.1/../../../../arm-none-eabi/lib/thumb/v7e-m/nofp/libg_nano.a(lib_a-stdio.o)
                0x0000000008002216                __sclose
 .text          0x000000000800221e       0x14 /home/virgocoachman/.local/xPacks/@xpack-dev-tools/arm-none-eabi-gcc/10.2.1-1.1.2/.content/bin/../lib/gcc/arm-none-eabi/10.2.1/../../../../arm-none-eabi/lib/thumb/v7e-m/nofp/libg_nano.a(lib_a-strcmp.o)
                0x000000000800221e                strcmp
 .text._vsnprintf_r
                0x0000000008002232       0x56 /home/virgocoachman/.local/xPacks/@xpack-dev-tools/arm-none-eabi-gcc/10.2.1-1.1.2/.content/bin/../lib/gcc/arm-none-eabi/10.2.1/../../../../arm-none-eabi/lib/thumb/v7e-m/nofp/libg_nano.a(lib_a-vsnprintf.o)
                0x0000000008002232                _vsnprintf_r
                0x0000000008002232                _vsniprintf_r
 .text.vsnprintf
                0x0000000008002288       0x1c /home/virgocoachman/.local/xPacks/@xpack-dev-tools/arm-none-eabi-gcc/10.2.1-1.1.2/.content/bin/../lib/gcc/arm-none-eabi/10.2.1/../../../../arm-none-eabi/lib/thumb/v7e-m/nofp/libg_nano.a(lib_a-vsnprintf.o)
                0x0000000008002288                vsnprintf
                0x0000000008002288                vsniprintf
 .text.__swbuf_r
                0x00000000080022a4       0xa4 /home/virgocoachman/.local/xPacks/@xpack-dev-tools/arm-none-eabi-gcc/10.2.1-1.1.2/.content/bin/../lib/gcc/arm-none-eabi/10.2.1/../../../../arm-none-eabi/lib/thumb/v7e-m/nofp/libg_nano.a(lib_a-wbuf.o)
                0x00000000080022a4                __swbuf_r
 .text._write_r
                0x0000000008002348       0x24 /home/virgocoachman/.local/xPacks/@xpack-dev-tools/arm-none-eabi-gcc/10.2.1-1.1.2/.content/bin/../lib/gcc/arm-none-eabi/10.2.1/../../../../arm-none-eabi/lib/thumb/v7e-m/nofp/libg_nano.a(lib_a-writer.o)
                0x0000000008002348                _write_r
 .text.__swsetup_r
                0x000000000800236c       0xdc /home/virgocoachman/.local/xPacks/@xpack-dev-tools/arm-none-eabi-gcc/10.2.1-1.1.2/.content/bin/../lib/gcc/arm-none-eabi/10.2.1/../../../../arm-none-eabi/lib/thumb/v7e-m/nofp/libg_nano.a(lib_a-wsetup.o)
                0x000000000800236c                __swsetup_r
 .text._close_r
                0x0000000008002448       0x20 /home/virgocoachman/.local/xPacks/@xpack-dev-tools/arm-none-eabi-gcc/10.2.1-1.1.2/.content/bin/../lib/gcc/arm-none-eabi/10.2.1/../../../../arm-none-eabi/lib/thumb/v7e-m/nofp/libg_nano.a(lib_a-closer.o)
                0x0000000008002448                _close_r
 .text.__sflush_r
                0x0000000008002468      0x104 /home/virgocoachman/.local/xPacks/@xpack-dev-tools/arm-none-eabi-gcc/10.2.1-1.1.2/.content/bin/../lib/gcc/arm-none-eabi/10.2.1/../../../../arm-none-eabi/lib/thumb/v7e-m/nofp/libg_nano.a(lib_a-fflush.o)
                0x0000000008002468                __sflush_r
 .text._fflush_r
                0x000000000800256c       0x78 /home/virgocoachman/.local/xPacks/@xpack-dev-tools/arm-none-eabi-gcc/10.2.1-1.1.2/.content/bin/../lib/gcc/arm-none-eabi/10.2.1/../../../../arm-none-eabi/lib/thumb/v7e-m/nofp/libg_nano.a(lib_a-fflush.o)
                0x000000000800256c                _fflush_r
 .text._lseek_r
                0x00000000080025e4       0x24 /home/virgocoachman/.local/xPacks/@xpack-dev-tools/arm-none-eabi-gcc/10.2.1-1.1.2/.content/bin/../lib/gcc/arm-none-eabi/10.2.1/../../../../arm-none-eabi/lib/thumb/v7e-m/nofp/libg_nano.a(lib_a-lseekr.o)
                0x00000000080025e4                _lseek_r
 .text.__swhatbuf_r
                0x0000000008002608       0x4a /home/virgocoachman/.local/xPacks/@xpack-dev-tools/arm-none-eabi-gcc/10.2.1-1.1.2/.content/bin/../lib/gcc/arm-none-eabi/10.2.1/../../../../arm-none-eabi/lib/thumb/v7e-m/nofp/libg_nano.a(lib_a-makebuf.o)
                0x0000000008002608                __swhatbuf_r
 *fill*         0x0000000008002652        0x2 
 .text.__smakebuf_r
                0x0000000008002654       0x80 /home/virgocoachman/.local/xPacks/@xpack-dev-tools/arm-none-eabi-gcc/10.2.1-1.1.2/.content/bin/../lib/gcc/arm-none-eabi/10.2.1/../../../../arm-none-eabi/lib/thumb/v7e-m/nofp/libg_nano.a(lib_a-makebuf.o)
                0x0000000008002654                __smakebuf_r
 .text.__malloc_lock
                0x00000000080026d4        0xc /home/virgocoachman/.local/xPacks/@xpack-dev-tools/arm-none-eabi-gcc/10.2.1-1.1.2/.content/bin/../lib/gcc/arm-none-eabi/10.2.1/../../../../arm-none-eabi/lib/thumb/v7e-m/nofp/libg_nano.a(lib_a-mlock.o)
                0x00000000080026d4                __malloc_lock
 .text.__malloc_unlock
                0x00000000080026e0        0xc /home/virgocoachman/.local/xPacks/@xpack-dev-tools/arm-none-eabi-gcc/10.2.1-1.1.2/.content/bin/../lib/gcc/arm-none-eabi/10.2.1/../../../../arm-none-eabi/lib/thumb/v7e-m/nofp/libg_nano.a(lib_a-mlock.o)
                0x00000000080026e0                __malloc_unlock
 .text._free_r  0x00000000080026ec       0x94 /home/virgocoachman/.local/xPacks/@xpack-dev-tools/arm-none-eabi-gcc/10.2.1-1.1.2/.content/bin/../lib/gcc/arm-none-eabi/10.2.1/../../../../arm-none-eabi/lib/thumb/v7e-m/nofp/libg_nano.a(lib_a-nano-freer.o)
                0x00000000080026ec                _free_r
 .text.__ssputs_r
                0x0000000008002780       0xb6 /home/virgocoachman/.local/xPacks/@xpack-dev-tools/arm-none-eabi-gcc/10.2.1-1.1.2/.content/bin/../lib/gcc/arm-none-eabi/10.2.1/../../../../arm-none-eabi/lib/thumb/v7e-m/nofp/libg_nano.a(lib_a-nano-svfprintf.o)
                0x0000000008002780                __ssputs_r
 *fill*         0x0000000008002836        0x2 
 .text._svfprintf_r
                0x0000000008002838      0x200 /home/virgocoachman/.local/xPacks/@xpack-dev-tools/arm-none-eabi-gcc/10.2.1-1.1.2/.content/bin/../lib/gcc/arm-none-eabi/10.2.1/../../../../arm-none-eabi/lib/thumb/v7e-m/nofp/libg_nano.a(lib_a-nano-svfprintf.o)
                0x0000000008002838                _svfprintf_r
                0x0000000008002838                _svfiprintf_r
 .text._printf_common
                0x0000000008002a38       0xda /home/virgocoachman/.local/xPacks/@xpack-dev-tools/arm-none-eabi-gcc/10.2.1-1.1.2/.content/bin/../lib/gcc/arm-none-eabi/10.2.1/../../../../arm-none-eabi/lib/thumb/v7e-m/nofp/libg_nano.a(lib_a-nano-vfprintf_i.o)
                0x0000000008002a38                _printf_common
 *fill*         0x0000000008002b12        0x2 
 .text._printf_i
                0x0000000008002b14      0x24c /home/virgocoachman/.local/xPacks/@xpack-dev-tools/arm-none-eabi-gcc/10.2.1-1.1.2/.content/bin/../lib/gcc/arm-none-eabi/10.2.1/../../../../arm-none-eabi/lib/thumb/v7e-m/nofp/libg_nano.a(lib_a-nano-vfprintf_i.o)
                0x0000000008002b14                _printf_i
 .text._read_r  0x0000000008002d60       0x24 /home/virgocoachman/.local/xPacks/@xpack-dev-tools/arm-none-eabi-gcc/10.2.1-1.1.2/.content/bin/../lib/gcc/arm-none-eabi/10.2.1/../../../../arm-none-eabi/lib/thumb/v7e-m/nofp/libg_nano.a(lib_a-readr.o)
                0x0000000008002d60                _read_r
 .text._fstat_r
                0x0000000008002d84       0x24 /home/virgocoachman/.local/xPacks/@xpack-dev-tools/arm-none-eabi-gcc/10.2.1-1.1.2/.content/bin/../lib/gcc/arm-none-eabi/10.2.1/../../../../arm-none-eabi/lib/thumb/v7e-m/nofp/libg_nano.a(lib_a-fstatr.o)
                0x0000000008002d84                _fstat_r
 .text._isatty_r
                0x0000000008002da8       0x20 /home/virgocoachman/.local/xPacks/@xpack-dev-tools/arm-none-eabi-gcc/10.2.1-1.1.2/.content/bin/../lib/gcc/arm-none-eabi/10.2.1/../../../../arm-none-eabi/lib/thumb/v7e-m/nofp/libg_nano.a(lib_a-isattyr.o)
                0x0000000008002da8                _isatty_r
 *fill*         0x0000000008002dc8        0x8 
 .text          0x0000000008002dd0       0xa0 /home/virgocoachman/.local/xPacks/@xpack-dev-tools/arm-none-eabi-gcc/10.2.1-1.1.2/.content/bin/../lib/gcc/arm-none-eabi/10.2.1/../../../../arm-none-eabi/lib/thumb/v7e-m/nofp/libg_nano.a(lib_a-memchr.o)
                0x0000000008002dd0                memchr
 .text.memcpy   0x0000000008002e70       0x1c /home/virgocoachman/.local/xPacks/@xpack-dev-tools/arm-none-eabi-gcc/10.2.1-1.1.2/.content/bin/../lib/gcc/arm-none-eabi/10.2.1/../../../../arm-none-eabi/lib/thumb/v7e-m/nofp/libg_nano.a(lib_a-memcpy-stub.o)
                0x0000000008002e70                memcpy
 .text.memmove  0x0000000008002e8c       0x34 /home/virgocoachman/.local/xPacks/@xpack-dev-tools/arm-none-eabi-gcc/10.2.1-1.1.2/.content/bin/../lib/gcc/arm-none-eabi/10.2.1/../../../../arm-none-eabi/lib/thumb/v7e-m/nofp/libg_nano.a(lib_a-memmove.o)
                0x0000000008002e8c                memmove
 .text._realloc_r
                0x0000000008002ec0       0x4c /home/virgocoachman/.local/xPacks/@xpack-dev-tools/arm-none-eabi-gcc/10.2.1-1.1.2/.content/bin/../lib/gcc/arm-none-eabi/10.2.1/../../../../arm-none-eabi/lib/thumb/v7e-m/nofp/libg_nano.a(lib_a-nano-reallocr.o)
                0x0000000008002ec0                _realloc_r
 .text._malloc_usable_size_r
                0x0000000008002f0c       0x10 /home/virgocoachman/.local/xPacks/@xpack-dev-tools/arm-none-eabi-gcc/10.2.1-1.1.2/.content/bin/../lib/gcc/arm-none-eabi/10.2.1/../../../../arm-none-eabi/lib/thumb/v7e-m/nofp/libg_nano.a(lib_a-nano-msizer.o)
                0x0000000008002f0c                _malloc_usable_size_r
 *(.rodata .rodata.* .constdata .constdata.*)
 .rodata.HAL_NVIC_SetPriorityGrouping.str1.4
                0x0000000008002f1c       0x31 ./system/src/stm32f4-hal/stm32f4xx_hal_cortex.o
 *fill*         0x0000000008002f4d        0x3 
 .rodata.HAL_GPIO_Init.str1.4
                0x0000000008002f50       0x2f ./system/src/stm32f4-hal/stm32f4xx_hal_gpio.o
 *fill*         0x0000000008002f7f        0x1 
 .rodata.HAL_RCC_OscConfig.str1.4
                0x0000000008002f80       0x2e ./system/src/stm32f4-hal/stm32f4xx_hal_rcc.o
 *fill*         0x0000000008002fae        0x2 
 .rodata.initialise_monitor_handles.str1.4
                0x0000000008002fb0        0x4 ./system/src/newlib/syscalls.o
 .rodata._trace_write_semihosting_stdout.str1.4
                0x0000000008002fb4        0x4 ./system/src/diag/trace-impl.o
 .rodata.dumpExceptionStack.str1.4
                0x0000000008002fb4      0x11a ./system/src/cortexm/exception-handlers.o
 .rodata.isSemihosting.str1.4
                0x00000000080030ce        0x4 ./system/src/cortexm/exception-handlers.o
 *fill*         0x00000000080030ce        0x2 
 .rodata.str1.4
                0x00000000080030d0       0x2a ./system/src/cortexm/exception-handlers.o
 *fill*         0x00000000080030fa        0x2 
 .rodata.AHBPrescTable
                0x00000000080030fc       0x10 ./system/src/cmsis/system_stm32f4xx.o
                0x00000000080030fc                AHBPrescTable
 .rodata.assert_failed.str1.4
                0x000000000800310c       0x2d ./src/initialize-hardware.o
 *fill*         0x0000000008003139        0x3 
 .rodata.main.str1.4
                0x000000000800313c       0x12 ./src/main.o
 .rodata._ctype_
                0x000000000800314e      0x101 /home/virgocoachman/.local/xPacks/@xpack-dev-tools/arm-none-eabi-gcc/10.2.1-1.1.2/.content/bin/../lib/gcc/arm-none-eabi/10.2.1/../../../../arm-none-eabi/lib/thumb/v7e-m/nofp/libg_nano.a(lib_a-ctype_.o)
                0x000000000800314e                _ctype_
 *fill*         0x000000000800324f        0x1 
 .rodata.__sf_fake_stderr
                0x0000000008003250       0x20 /home/virgocoachman/.local/xPacks/@xpack-dev-tools/arm-none-eabi-gcc/10.2.1-1.1.2/.content/bin/../lib/gcc/arm-none-eabi/10.2.1/../../../../arm-none-eabi/lib/thumb/v7e-m/nofp/libg_nano.a(lib_a-findfp.o)
                0x0000000008003250                __sf_fake_stderr
 .rodata.__sf_fake_stdin
                0x0000000008003270       0x20 /home/virgocoachman/.local/xPacks/@xpack-dev-tools/arm-none-eabi-gcc/10.2.1-1.1.2/.content/bin/../lib/gcc/arm-none-eabi/10.2.1/../../../../arm-none-eabi/lib/thumb/v7e-m/nofp/libg_nano.a(lib_a-findfp.o)
                0x0000000008003270                __sf_fake_stdin
 .rodata.__sf_fake_stdout
                0x0000000008003290       0x20 /home/virgocoachman/.local/xPacks/@xpack-dev-tools/arm-none-eabi-gcc/10.2.1-1.1.2/.content/bin/../lib/gcc/arm-none-eabi/10.2.1/../../../../arm-none-eabi/lib/thumb/v7e-m/nofp/libg_nano.a(lib_a-findfp.o)
                0x0000000008003290                __sf_fake_stdout
 .rodata._global_impure_ptr
                0x00000000080032b0        0x4 /home/virgocoachman/.local/xPacks/@xpack-dev-tools/arm-none-eabi-gcc/10.2.1-1.1.2/.content/bin/../lib/gcc/arm-none-eabi/10.2.1/../../../../arm-none-eabi/lib/thumb/v7e-m/nofp/libg_nano.a(lib_a-impure.o)
                0x00000000080032b0                _global_impure_ptr
 .rodata._svfprintf_r.str1.1
                0x00000000080032b4       0x11 /home/virgocoachman/.local/xPacks/@xpack-dev-tools/arm-none-eabi-gcc/10.2.1-1.1.2/.content/bin/../lib/gcc/arm-none-eabi/10.2.1/../../../../arm-none-eabi/lib/thumb/v7e-m/nofp/libg_nano.a(lib_a-nano-svfprintf.o)
 .rodata._printf_i.str1.1
                0x00000000080032c5       0x22 /home/virgocoachman/.local/xPacks/@xpack-dev-tools/arm-none-eabi-gcc/10.2.1-1.1.2/.content/bin/../lib/gcc/arm-none-eabi/10.2.1/../../../../arm-none-eabi/lib/thumb/v7e-m/nofp/libg_nano.a(lib_a-nano-vfprintf_i.o)
 *(vtable)
 *(.eh_frame*)
 *(.glue_7)
 .glue_7        0x00000000080032e7        0x0 linker stubs
 *(.glue_7t)
 .glue_7t       0x00000000080032e7        0x0 linker stubs

.vfp11_veneer   0x00000000080032e8        0x0
 .vfp11_veneer  0x00000000080032e8        0x0 linker stubs

.v4_bx          0x00000000080032e8        0x0
 .v4_bx         0x00000000080032e8        0x0 linker stubs

.iplt           0x00000000080032e8        0x0
 .iplt          0x00000000080032e8        0x0 ./system/src/stm32f4-hal/stm32f4xx_hal.o

.ARM.extab
 *(.ARM.extab* .gnu.linkonce.armextab.*)
                0x00000000080032e8                . = ALIGN (0x4)
                0x00000000080032e8                __exidx_start = .

.ARM.exidx      0x00000000080032e8        0x8
 *(.ARM.exidx* .gnu.linkonce.armexidx.*)
 .ARM.exidx.text.__udivmoddi4
                0x00000000080032e8        0x8 /home/virgocoachman/.local/xPacks/@xpack-dev-tools/arm-none-eabi-gcc/10.2.1-1.1.2/.content/bin/../lib/gcc/arm-none-eabi/10.2.1/thumb/v7e-m/nofp/libgcc.a(_udivmoddi4.o)
                0x00000000080032f0                __exidx_end = .

.rel.dyn        0x00000000080032f0        0x0
 .rel.iplt      0x00000000080032f0        0x0 ./system/src/stm32f4-hal/stm32f4xx_hal.o
                0x00000000080032f0                . = ALIGN (0x4)
                0x00000000080032f0                _etext = .
                0x00000000080032f0                __etext = .

.data_CCMRAM    0x0000000010000000        0x0 load address 0x00000000080032f0
 FILL mask 0xff
 *(.data.CCMRAM .data.CCMRAM.*)
                0x0000000010000000                . = ALIGN (0x4)
                0x00000000080032f0                _sidata = LOADADDR (.data)

.data           0x0000000020000000       0x78 load address 0x00000000080032f0
 FILL mask 0xff
                0x0000000020000000                _sdata = .
                0x0000000020000000                __data_start__ = .
 *(.data_begin .data_begin.*)
 .data_begin    0x0000000020000000        0x4 ./system/src/newlib/startup.o
 *(.data .data.*)
 .data.uwTickFreq
                0x0000000020000004        0x1 ./system/src/stm32f4-hal/stm32f4xx_hal.o
                0x0000000020000004                uwTickFreq
 *fill*         0x0000000020000005        0x3 ff
 .data.uwTickPrio
                0x0000000020000008        0x4 ./system/src/stm32f4-hal/stm32f4xx_hal.o
                0x0000000020000008                uwTickPrio
 .data.SystemCoreClock
                0x000000002000000c        0x4 ./system/src/cmsis/system_stm32f4xx.o
                0x000000002000000c                SystemCoreClock
 .data._impure_ptr
                0x0000000020000010        0x4 /home/virgocoachman/.local/xPacks/@xpack-dev-tools/arm-none-eabi-gcc/10.2.1-1.1.2/.content/bin/../lib/gcc/arm-none-eabi/10.2.1/../../../../arm-none-eabi/lib/thumb/v7e-m/nofp/libg_nano.a(lib_a-impure.o)
                0x0000000020000010                _impure_ptr
 .data.impure_data
                0x0000000020000014       0x60 /home/virgocoachman/.local/xPacks/@xpack-dev-tools/arm-none-eabi-gcc/10.2.1-1.1.2/.content/bin/../lib/gcc/arm-none-eabi/10.2.1/../../../../arm-none-eabi/lib/thumb/v7e-m/nofp/libg_nano.a(lib_a-impure.o)
 *(.data_end .data_end.*)
 .data_end      0x0000000020000074        0x4 ./system/src/newlib/startup.o
                0x0000000020000078                . = ALIGN (0x4)
                0x0000000020000078                _edata = .
                0x0000000020000078                __data_end__ = .

.igot.plt       0x0000000020000078        0x0 load address 0x0000000008003368
 .igot.plt      0x0000000020000078        0x0 ./system/src/stm32f4-hal/stm32f4xx_hal.o

.bss_CCMRAM     0x0000000010000000        0x0
 *(.bss.CCMRAM .bss.CCMRAM.*)

.bss            0x0000000020000078      0x1cc
                0x0000000020000078                __bss_start__ = .
                0x0000000020000078                _sbss = .
 *(.bss_begin .bss_begin.*)
 .bss_begin     0x0000000020000078        0x4 ./system/src/newlib/startup.o
 *(.bss .bss.*)
 .bss.uwTick    0x000000002000007c        0x4 ./system/src/stm32f4-hal/stm32f4xx_hal.o
                0x000000002000007c                uwTick
 .bss.current_heap_end.0
                0x0000000020000080        0x4 ./system/src/newlib/sbrk.o
 .bss.args_buf.1
                0x0000000020000084       0x50 ./system/src/newlib/syscalls.o
 .bss.argv_buf.0
                0x00000000200000d4       0x28 ./system/src/newlib/syscalls.o
 .bss.errno     0x00000000200000fc        0x4 ./system/src/newlib/syscalls.o
                0x00000000200000fc                errno
 .bss.monitor_stderr
                0x0000000020000100        0x4 ./system/src/newlib/syscalls.o
 .bss.monitor_stdin
                0x0000000020000104        0x4 ./system/src/newlib/syscalls.o
 .bss.monitor_stdout
                0x0000000020000108        0x4 ./system/src/newlib/syscalls.o
 .bss.openfiles
                0x000000002000010c       0xa0 ./system/src/newlib/syscalls.o
 .bss.handle.0  0x00000000200001ac        0x4 ./system/src/diag/trace-impl.o
 .bss.buf.0     0x00000000200001b0       0x80 ./system/src/diag/trace.o
 .bss.timer_delayCount
                0x0000000020000230        0x4 ./src/timer.o
                0x0000000020000230                timer_delayCount
 .bss.__lock___malloc_recursive_mutex
                0x0000000020000234        0x1 /home/virgocoachman/.local/xPacks/@xpack-dev-tools/arm-none-eabi-gcc/10.2.1-1.1.2/.content/bin/../lib/gcc/arm-none-eabi/10.2.1/../../../../arm-none-eabi/lib/thumb/v7e-m/nofp/libg_nano.a(lib_a-lock.o)
                0x0000000020000234                __lock___malloc_recursive_mutex
 .bss.__lock___sfp_recursive_mutex
                0x0000000020000235        0x1 /home/virgocoachman/.local/xPacks/@xpack-dev-tools/arm-none-eabi-gcc/10.2.1-1.1.2/.content/bin/../lib/gcc/arm-none-eabi/10.2.1/../../../../arm-none-eabi/lib/thumb/v7e-m/nofp/libg_nano.a(lib_a-lock.o)
                0x0000000020000235                __lock___sfp_recursive_mutex
 .bss.__lock___sinit_recursive_mutex
                0x0000000020000236        0x1 /home/virgocoachman/.local/xPacks/@xpack-dev-tools/arm-none-eabi-gcc/10.2.1-1.1.2/.content/bin/../lib/gcc/arm-none-eabi/10.2.1/../../../../arm-none-eabi/lib/thumb/v7e-m/nofp/libg_nano.a(lib_a-lock.o)
                0x0000000020000236                __lock___sinit_recursive_mutex
 *fill*         0x0000000020000237        0x1 
 .bss.__malloc_free_list
                0x0000000020000238        0x4 /home/virgocoachman/.local/xPacks/@xpack-dev-tools/arm-none-eabi-gcc/10.2.1-1.1.2/.content/bin/../lib/gcc/arm-none-eabi/10.2.1/../../../../arm-none-eabi/lib/thumb/v7e-m/nofp/libg_nano.a(lib_a-nano-mallocr.o)
                0x0000000020000238                __malloc_free_list
 .bss.__malloc_sbrk_start
                0x000000002000023c        0x4 /home/virgocoachman/.local/xPacks/@xpack-dev-tools/arm-none-eabi-gcc/10.2.1-1.1.2/.content/bin/../lib/gcc/arm-none-eabi/10.2.1/../../../../arm-none-eabi/lib/thumb/v7e-m/nofp/libg_nano.a(lib_a-nano-mallocr.o)
                0x000000002000023c                __malloc_sbrk_start
 *(COMMON)
 *(.bss_end .bss_end.*)
 .bss_end       0x0000000020000240        0x4 ./system/src/newlib/startup.o
                0x0000000020000244                . = ALIGN (0x4)
                0x0000000020000244                __bss_end__ = .
                0x0000000020000244                _ebss = .

.noinit_CCMRAM
 *(.noinit.CCMRAM .noinit.CCMRAM.*)

.noinit         0x0000000020000244        0x0
                0x0000000020000244                _noinit = .
 *(.noinit .noinit.*)
                0x0000000020000244                . = ALIGN (0x4)
                0x0000000020000244                _end_noinit = .
                [!provide]                        PROVIDE (end = _end_noinit)
                [!provide]                        PROVIDE (_end = _end_noinit)
                [!provide]                        PROVIDE (__end = _end_noinit)
                [!provide]                        PROVIDE (__end__ = _end_noinit)

._check_stack   0x0000000020000244      0x100
                0x0000000020000344                . = (. + _Minimum_Stack_Size)
 *fill*         0x0000000020000244      0x100 

.b1text
 *(.b1text)
 *(.b1rodata)
 *(.b1rodata.*)

.eb0text
 *(.eb0text)
 *(.eb0rodata)
 *(.eb0rodata.*)

.eb1text
 *(.eb1text)
 *(.eb1rodata)
 *(.eb1rodata.*)

.eb2text
 *(.eb2text)
 *(.eb2rodata)
 *(.eb2rodata.*)

.eb3text
 *(.eb3text)
 *(.eb3rodata)
 *(.eb3rodata.*)

.stab
 *(.stab)

.stabstr
 *(.stabstr)

.stab.excl
 *(.stab.excl)

.stab.exclstr
 *(.stab.exclstr)

.stab.index
 *(.stab.index)

.stab.indexstr
 *(.stab.indexstr)

.comment        0x0000000000000000       0x44
 *(.comment)
 .comment       0x0000000000000000       0x44 ./system/src/stm32f4-hal/stm32f4xx_hal.o
                                         0x45 (size before relaxing)
 .comment       0x0000000000000044       0x45 ./system/src/stm32f4-hal/stm32f4xx_hal_cortex.o
 .comment       0x0000000000000044       0x45 ./system/src/stm32f4-hal/stm32f4xx_hal_gpio.o
 .comment       0x0000000000000044       0x45 ./system/src/stm32f4-hal/stm32f4xx_hal_rcc.o
 .comment       0x0000000000000044       0x45 ./system/src/newlib/sbrk.o
 .comment       0x0000000000000044       0x45 ./system/src/newlib/startup.o
 .comment       0x0000000000000044       0x45 ./system/src/newlib/syscalls.o
 .comment       0x0000000000000044       0x45 ./system/src/diag/trace-impl.o
 .comment       0x0000000000000044       0x45 ./system/src/diag/trace.o
 .comment       0x0000000000000044       0x45 ./system/src/cortexm/exception-handlers.o
 .comment       0x0000000000000044       0x45 ./system/src/cortexm/initialize-hardware.o
 .comment       0x0000000000000044       0x45 ./system/src/cmsis/system_stm32f4xx.o
 .comment       0x0000000000000044       0x45 ./system/src/cmsis/vectors_stm32f407xx.o
 .comment       0x0000000000000044       0x45 ./src/initialize-hardware.o
 .comment       0x0000000000000044       0x45 ./src/led.o
 .comment       0x0000000000000044       0x45 ./src/main.o
 .comment       0x0000000000000044       0x45 ./src/stm32f4xx_hal_msp.o
 .comment       0x0000000000000044       0x45 ./src/timer.o

.ARM.attributes
                0x0000000000000000       0x2c
 .ARM.attributes
                0x0000000000000000       0x2e ./system/src/stm32f4-hal/stm32f4xx_hal.o
 .ARM.attributes
                0x000000000000002e       0x2e ./system/src/stm32f4-hal/stm32f4xx_hal_cortex.o
 .ARM.attributes
                0x000000000000005c       0x2e ./system/src/stm32f4-hal/stm32f4xx_hal_gpio.o
 .ARM.attributes
                0x000000000000008a       0x2e ./system/src/stm32f4-hal/stm32f4xx_hal_rcc.o
 .ARM.attributes
                0x00000000000000b8       0x2e ./system/src/newlib/sbrk.o
 .ARM.attributes
                0x00000000000000e6       0x2e ./system/src/newlib/startup.o
 .ARM.attributes
                0x0000000000000114       0x2e ./system/src/newlib/syscalls.o
 .ARM.attributes
                0x0000000000000142       0x2e ./system/src/diag/trace-impl.o
 .ARM.attributes
                0x0000000000000170       0x2e ./system/src/diag/trace.o
 .ARM.attributes
                0x000000000000019e       0x2e ./system/src/cortexm/exception-handlers.o
 .ARM.attributes
                0x00000000000001cc       0x2e ./system/src/cortexm/initialize-hardware.o
 .ARM.attributes
                0x00000000000001fa       0x2e ./system/src/cmsis/system_stm32f4xx.o
 .ARM.attributes
                0x0000000000000228       0x2e ./system/src/cmsis/vectors_stm32f407xx.o
 .ARM.attributes
                0x0000000000000256       0x2e ./src/initialize-hardware.o
 .ARM.attributes
                0x0000000000000284       0x2e ./src/led.o
 .ARM.attributes
                0x00000000000002b2       0x2e ./src/main.o
 .ARM.attributes
                0x00000000000002e0       0x2e ./src/stm32f4xx_hal_msp.o
 .ARM.attributes
                0x000000000000030e       0x2e ./src/timer.o
 .ARM.attributes
                0x000000000000033c       0x1e /home/virgocoachman/.local/xPacks/@xpack-dev-tools/arm-none-eabi-gcc/10.2.1-1.1.2/.content/bin/../lib/gcc/arm-none-eabi/10.2.1/thumb/v7e-m/nofp/libgcc.a(_aeabi_uldivmod.o)
 .ARM.attributes
                0x000000000000035a       0x2e /home/virgocoachman/.local/xPacks/@xpack-dev-tools/arm-none-eabi-gcc/10.2.1-1.1.2/.content/bin/../lib/gcc/arm-none-eabi/10.2.1/thumb/v7e-m/nofp/libgcc.a(_udivmoddi4.o)
 .ARM.attributes
                0x0000000000000388       0x1e /home/virgocoachman/.local/xPacks/@xpack-dev-tools/arm-none-eabi-gcc/10.2.1-1.1.2/.content/bin/../lib/gcc/arm-none-eabi/10.2.1/thumb/v7e-m/nofp/libgcc.a(_dvmd_tls.o)
 .ARM.attributes
                0x00000000000003a6       0x2e /home/virgocoachman/.local/xPacks/@xpack-dev-tools/arm-none-eabi-gcc/10.2.1-1.1.2/.content/bin/../lib/gcc/arm-none-eabi/10.2.1/../../../../arm-none-eabi/lib/thumb/v7e-m/nofp/libg_nano.a(lib_a-ctype_.o)
 .ARM.attributes
                0x00000000000003d4       0x2e /home/virgocoachman/.local/xPacks/@xpack-dev-tools/arm-none-eabi-gcc/10.2.1-1.1.2/.content/bin/../lib/gcc/arm-none-eabi/10.2.1/../../../../arm-none-eabi/lib/thumb/v7e-m/nofp/libg_nano.a(lib_a-errno.o)
 .ARM.attributes
                0x0000000000000402       0x2e /home/virgocoachman/.local/xPacks/@xpack-dev-tools/arm-none-eabi-gcc/10.2.1-1.1.2/.content/bin/../lib/gcc/arm-none-eabi/10.2.1/../../../../arm-none-eabi/lib/thumb/v7e-m/nofp/libg_nano.a(lib_a-findfp.o)
 .ARM.attributes
                0x0000000000000430       0x2e /home/virgocoachman/.local/xPacks/@xpack-dev-tools/arm-none-eabi-gcc/10.2.1-1.1.2/.content/bin/../lib/gcc/arm-none-eabi/10.2.1/../../../../arm-none-eabi/lib/thumb/v7e-m/nofp/libg_nano.a(lib_a-fwalk.o)
 .ARM.attributes
                0x000000000000045e       0x2e /home/virgocoachman/.local/xPacks/@xpack-dev-tools/arm-none-eabi-gcc/10.2.1-1.1.2/.content/bin/../lib/gcc/arm-none-eabi/10.2.1/../../../../arm-none-eabi/lib/thumb/v7e-m/nofp/libg_nano.a(lib_a-impure.o)
 .ARM.attributes
                0x000000000000048c       0x2e /home/virgocoachman/.local/xPacks/@xpack-dev-tools/arm-none-eabi-gcc/10.2.1-1.1.2/.content/bin/../lib/gcc/arm-none-eabi/10.2.1/../../../../arm-none-eabi/lib/thumb/v7e-m/nofp/libg_nano.a(lib_a-lock.o)
 .ARM.attributes
                0x00000000000004ba       0x2e /home/virgocoachman/.local/xPacks/@xpack-dev-tools/arm-none-eabi-gcc/10.2.1-1.1.2/.content/bin/../lib/gcc/arm-none-eabi/10.2.1/../../../../arm-none-eabi/lib/thumb/v7e-m/nofp/libg_nano.a(lib_a-memset.o)
 .ARM.attributes
                0x00000000000004e8       0x2e /home/virgocoachman/.local/xPacks/@xpack-dev-tools/arm-none-eabi-gcc/10.2.1-1.1.2/.content/bin/../lib/gcc/arm-none-eabi/10.2.1/../../../../arm-none-eabi/lib/thumb/v7e-m/nofp/libg_nano.a(lib_a-nano-mallocr.o)
 .ARM.attributes
                0x0000000000000516       0x2e /home/virgocoachman/.local/xPacks/@xpack-dev-tools/arm-none-eabi-gcc/10.2.1-1.1.2/.content/bin/../lib/gcc/arm-none-eabi/10.2.1/../../../../arm-none-eabi/lib/thumb/v7e-m/nofp/libg_nano.a(lib_a-puts.o)
 .ARM.attributes
                0x0000000000000544       0x2e /home/virgocoachman/.local/xPacks/@xpack-dev-tools/arm-none-eabi-gcc/10.2.1-1.1.2/.content/bin/../lib/gcc/arm-none-eabi/10.2.1/../../../../arm-none-eabi/lib/thumb/v7e-m/nofp/libg_nano.a(lib_a-sbrkr.o)
 .ARM.attributes
                0x0000000000000572       0x2e /home/virgocoachman/.local/xPacks/@xpack-dev-tools/arm-none-eabi-gcc/10.2.1-1.1.2/.content/bin/../lib/gcc/arm-none-eabi/10.2.1/../../../../arm-none-eabi/lib/thumb/v7e-m/nofp/libg_nano.a(lib_a-stdio.o)
 .ARM.attributes
                0x00000000000005a0       0x1c /home/virgocoachman/.local/xPacks/@xpack-dev-tools/arm-none-eabi-gcc/10.2.1-1.1.2/.content/bin/../lib/gcc/arm-none-eabi/10.2.1/../../../../arm-none-eabi/lib/thumb/v7e-m/nofp/libg_nano.a(lib_a-strcmp.o)
 .ARM.attributes
                0x00000000000005bc       0x2e /home/virgocoachman/.local/xPacks/@xpack-dev-tools/arm-none-eabi-gcc/10.2.1-1.1.2/.content/bin/../lib/gcc/arm-none-eabi/10.2.1/../../../../arm-none-eabi/lib/thumb/v7e-m/nofp/libg_nano.a(lib_a-vsnprintf.o)
 .ARM.attributes
                0x00000000000005ea       0x2e /home/virgocoachman/.local/xPacks/@xpack-dev-tools/arm-none-eabi-gcc/10.2.1-1.1.2/.content/bin/../lib/gcc/arm-none-eabi/10.2.1/../../../../arm-none-eabi/lib/thumb/v7e-m/nofp/libg_nano.a(lib_a-wbuf.o)
 .ARM.attributes
                0x0000000000000618       0x2e /home/virgocoachman/.local/xPacks/@xpack-dev-tools/arm-none-eabi-gcc/10.2.1-1.1.2/.content/bin/../lib/gcc/arm-none-eabi/10.2.1/../../../../arm-none-eabi/lib/thumb/v7e-m/nofp/libg_nano.a(lib_a-writer.o)
 .ARM.attributes
                0x0000000000000646       0x2e /home/virgocoachman/.local/xPacks/@xpack-dev-tools/arm-none-eabi-gcc/10.2.1-1.1.2/.content/bin/../lib/gcc/arm-none-eabi/10.2.1/../../../../arm-none-eabi/lib/thumb/v7e-m/nofp/libg_nano.a(lib_a-wsetup.o)
 .ARM.attributes
                0x0000000000000674       0x2e /home/virgocoachman/.local/xPacks/@xpack-dev-tools/arm-none-eabi-gcc/10.2.1-1.1.2/.content/bin/../lib/gcc/arm-none-eabi/10.2.1/../../../../arm-none-eabi/lib/thumb/v7e-m/nofp/libg_nano.a(lib_a-closer.o)
 .ARM.attributes
                0x00000000000006a2       0x2e /home/virgocoachman/.local/xPacks/@xpack-dev-tools/arm-none-eabi-gcc/10.2.1-1.1.2/.content/bin/../lib/gcc/arm-none-eabi/10.2.1/../../../../arm-none-eabi/lib/thumb/v7e-m/nofp/libg_nano.a(lib_a-fflush.o)
 .ARM.attributes
                0x00000000000006d0       0x2e /home/virgocoachman/.local/xPacks/@xpack-dev-tools/arm-none-eabi-gcc/10.2.1-1.1.2/.content/bin/../lib/gcc/arm-none-eabi/10.2.1/../../../../arm-none-eabi/lib/thumb/v7e-m/nofp/libg_nano.a(lib_a-lseekr.o)
 .ARM.attributes
                0x00000000000006fe       0x2e /home/virgocoachman/.local/xPacks/@xpack-dev-tools/arm-none-eabi-gcc/10.2.1-1.1.2/.content/bin/../lib/gcc/arm-none-eabi/10.2.1/../../../../arm-none-eabi/lib/thumb/v7e-m/nofp/libg_nano.a(lib_a-makebuf.o)
 .ARM.attributes
                0x000000000000072c       0x2e /home/virgocoachman/.local/xPacks/@xpack-dev-tools/arm-none-eabi-gcc/10.2.1-1.1.2/.content/bin/../lib/gcc/arm-none-eabi/10.2.1/../../../../arm-none-eabi/lib/thumb/v7e-m/nofp/libg_nano.a(lib_a-mlock.o)
 .ARM.attributes
                0x000000000000075a       0x2e /home/virgocoachman/.local/xPacks/@xpack-dev-tools/arm-none-eabi-gcc/10.2.1-1.1.2/.content/bin/../lib/gcc/arm-none-eabi/10.2.1/../../../../arm-none-eabi/lib/thumb/v7e-m/nofp/libg_nano.a(lib_a-nano-freer.o)
 .ARM.attributes
                0x0000000000000788       0x2e /home/virgocoachman/.local/xPacks/@xpack-dev-tools/arm-none-eabi-gcc/10.2.1-1.1.2/.content/bin/../lib/gcc/arm-none-eabi/10.2.1/../../../../arm-none-eabi/lib/thumb/v7e-m/nofp/libg_nano.a(lib_a-nano-svfprintf.o)
 .ARM.attributes
                0x00000000000007b6       0x2e /home/virgocoachman/.local/xPacks/@xpack-dev-tools/arm-none-eabi-gcc/10.2.1-1.1.2/.content/bin/../lib/gcc/arm-none-eabi/10.2.1/../../../../arm-none-eabi/lib/thumb/v7e-m/nofp/libg_nano.a(lib_a-nano-vfprintf_i.o)
 .ARM.attributes
                0x00000000000007e4       0x2e /home/virgocoachman/.local/xPacks/@xpack-dev-tools/arm-none-eabi-gcc/10.2.1-1.1.2/.content/bin/../lib/gcc/arm-none-eabi/10.2.1/../../../../arm-none-eabi/lib/thumb/v7e-m/nofp/libg_nano.a(lib_a-readr.o)
 .ARM.attributes
                0x0000000000000812       0x2e /home/virgocoachman/.local/xPacks/@xpack-dev-tools/arm-none-eabi-gcc/10.2.1-1.1.2/.content/bin/../lib/gcc/arm-none-eabi/10.2.1/../../../../arm-none-eabi/lib/thumb/v7e-m/nofp/libg_nano.a(lib_a-fstatr.o)
 .ARM.attributes
                0x0000000000000840       0x2e /home/virgocoachman/.local/xPacks/@xpack-dev-tools/arm-none-eabi-gcc/10.2.1-1.1.2/.content/bin/../lib/gcc/arm-none-eabi/10.2.1/../../../../arm-none-eabi/lib/thumb/v7e-m/nofp/libg_nano.a(lib_a-isattyr.o)
 .ARM.attributes
                0x000000000000086e       0x1c /home/virgocoachman/.local/xPacks/@xpack-dev-tools/arm-none-eabi-gcc/10.2.1-1.1.2/.content/bin/../lib/gcc/arm-none-eabi/10.2.1/../../../../arm-none-eabi/lib/thumb/v7e-m/nofp/libg_nano.a(lib_a-memchr.o)
 .ARM.attributes
                0x000000000000088a       0x2e /home/virgocoachman/.local/xPacks/@xpack-dev-tools/arm-none-eabi-gcc/10.2.1-1.1.2/.content/bin/../lib/gcc/arm-none-eabi/10.2.1/../../../../arm-none-eabi/lib/thumb/v7e-m/nofp/libg_nano.a(lib_a-memcpy-stub.o)
 .ARM.attributes
                0x00000000000008b8       0x2e /home/virgocoachman/.local/xPacks/@xpack-dev-tools/arm-none-eabi-gcc/10.2.1-1.1.2/.content/bin/../lib/gcc/arm-none-eabi/10.2.1/../../../../arm-none-eabi/lib/thumb/v7e-m/nofp/libg_nano.a(lib_a-memmove.o)
 .ARM.attributes
                0x00000000000008e6       0x2e /home/virgocoachman/.local/xPacks/@xpack-dev-tools/arm-none-eabi-gcc/10.2.1-1.1.2/.content/bin/../lib/gcc/arm-none-eabi/10.2.1/../../../../arm-none-eabi/lib/thumb/v7e-m/nofp/libg_nano.a(lib_a-nano-reallocr.o)
 .ARM.attributes
                0x0000000000000914       0x2e /home/virgocoachman/.local/xPacks/@xpack-dev-tools/arm-none-eabi-gcc/10.2.1-1.1.2/.content/bin/../lib/gcc/arm-none-eabi/10.2.1/../../../../arm-none-eabi/lib/thumb/v7e-m/nofp/libg_nano.a(lib_a-nano-msizer.o)

.debug
 *(.debug)

.line
 *(.line)

.debug_srcinfo
 *(.debug_srcinfo)

.debug_sfnames
 *(.debug_sfnames)

.debug_aranges  0x0000000000000000      0x658
 *(.debug_aranges)
 .debug_aranges
                0x0000000000000000       0xf0 ./system/src/stm32f4-hal/stm32f4xx_hal.o
 .debug_aranges
                0x00000000000000f0       0xa8 ./system/src/stm32f4-hal/stm32f4xx_hal_cortex.o
 .debug_aranges
                0x0000000000000198       0x58 ./system/src/stm32f4-hal/stm32f4xx_hal_gpio.o
 .debug_aranges
                0x00000000000001f0       0x88 ./system/src/stm32f4-hal/stm32f4xx_hal_rcc.o
 .debug_aranges
                0x0000000000000278       0x20 ./system/src/newlib/sbrk.o
 .debug_aranges
                0x0000000000000298       0x40 ./system/src/newlib/startup.o
 .debug_aranges
                0x00000000000002d8      0x120 ./system/src/newlib/syscalls.o
 .debug_aranges
                0x00000000000003f8       0x30 ./system/src/diag/trace-impl.o
 .debug_aranges
                0x0000000000000428       0x38 ./system/src/diag/trace.o
 .debug_aranges
                0x0000000000000460       0x90 ./system/src/cortexm/exception-handlers.o
 .debug_aranges
                0x00000000000004f0       0x28 ./system/src/cortexm/initialize-hardware.o
 .debug_aranges
                0x0000000000000518       0x28 ./system/src/cmsis/system_stm32f4xx.o
 .debug_aranges
                0x0000000000000540       0x20 ./system/src/cmsis/vectors_stm32f407xx.o
 .debug_aranges
                0x0000000000000560       0x30 ./src/initialize-hardware.o
 .debug_aranges
                0x0000000000000590       0x30 ./src/led.o
 .debug_aranges
                0x00000000000005c0       0x28 ./src/main.o
 .debug_aranges
                0x00000000000005e8       0x38 ./src/stm32f4xx_hal_msp.o
 .debug_aranges
                0x0000000000000620       0x38 ./src/timer.o

.debug_pubnames
 *(.debug_pubnames)

.debug_info     0x0000000000000000     0x8e10
 *(.debug_info .gnu.linkonce.wi.*)
 .debug_info    0x0000000000000000      0xa37 ./system/src/stm32f4-hal/stm32f4xx_hal.o
 .debug_info    0x0000000000000a37     0x1340 ./system/src/stm32f4-hal/stm32f4xx_hal_cortex.o
 .debug_info    0x0000000000001d77      0x930 ./system/src/stm32f4-hal/stm32f4xx_hal_gpio.o
 .debug_info    0x00000000000026a7      0xda2 ./system/src/stm32f4-hal/stm32f4xx_hal_rcc.o
 .debug_info    0x0000000000003449      0x112 ./system/src/newlib/sbrk.o
 .debug_info    0x000000000000355b      0x57f ./system/src/newlib/startup.o
 .debug_info    0x0000000000003ada     0x22f4 ./system/src/newlib/syscalls.o
 .debug_info    0x0000000000005dce      0x30d ./system/src/diag/trace-impl.o
 .debug_info    0x00000000000060db      0x30b ./system/src/diag/trace.o
 .debug_info    0x00000000000063e6      0xa4f ./system/src/cortexm/exception-handlers.o
 .debug_info    0x0000000000006e35      0x2cb ./system/src/cortexm/initialize-hardware.o
 .debug_info    0x0000000000007100      0x53c ./system/src/cmsis/system_stm32f4xx.o
 .debug_info    0x000000000000763c       0xce ./system/src/cmsis/vectors_stm32f407xx.o
 .debug_info    0x000000000000770a      0x59b ./src/initialize-hardware.o
 .debug_info    0x0000000000007ca5      0x44c ./src/led.o
 .debug_info    0x00000000000080f1      0x4d7 ./src/main.o
 .debug_info    0x00000000000085c8       0xbf ./src/stm32f4xx_hal_msp.o
 .debug_info    0x0000000000008687      0x789 ./src/timer.o

.debug_abbrev   0x0000000000000000     0x20e9
 *(.debug_abbrev)
 .debug_abbrev  0x0000000000000000      0x209 ./system/src/stm32f4-hal/stm32f4xx_hal.o
 .debug_abbrev  0x0000000000000209      0x38a ./system/src/stm32f4-hal/stm32f4xx_hal_cortex.o
 .debug_abbrev  0x0000000000000593      0x22e ./system/src/stm32f4-hal/stm32f4xx_hal_gpio.o
 .debug_abbrev  0x00000000000007c1      0x2a0 ./system/src/stm32f4-hal/stm32f4xx_hal_rcc.o
 .debug_abbrev  0x0000000000000a61       0xcd ./system/src/newlib/sbrk.o
 .debug_abbrev  0x0000000000000b2e      0x1fa ./system/src/newlib/startup.o
 .debug_abbrev  0x0000000000000d28      0x499 ./system/src/newlib/syscalls.o
 .debug_abbrev  0x00000000000011c1      0x1cc ./system/src/diag/trace-impl.o
 .debug_abbrev  0x000000000000138d      0x173 ./system/src/diag/trace.o
 .debug_abbrev  0x0000000000001500      0x2ba ./system/src/cortexm/exception-handlers.o
 .debug_abbrev  0x00000000000017ba       0xe9 ./system/src/cortexm/initialize-hardware.o
 .debug_abbrev  0x00000000000018a3      0x11c ./system/src/cmsis/system_stm32f4xx.o
 .debug_abbrev  0x00000000000019bf       0xa5 ./system/src/cmsis/vectors_stm32f407xx.o
 .debug_abbrev  0x0000000000001a64      0x170 ./src/initialize-hardware.o
 .debug_abbrev  0x0000000000001bd4      0x151 ./src/led.o
 .debug_abbrev  0x0000000000001d25      0x18c ./src/main.o
 .debug_abbrev  0x0000000000001eb1       0x47 ./src/stm32f4xx_hal_msp.o
 .debug_abbrev  0x0000000000001ef8      0x1f1 ./src/timer.o

.debug_line     0x0000000000000000     0xd076
 *(.debug_line)
 .debug_line    0x0000000000000000      0xd8a ./system/src/stm32f4-hal/stm32f4xx_hal.o
 .debug_line    0x0000000000000d8a     0x10d2 ./system/src/stm32f4-hal/stm32f4xx_hal_cortex.o
 .debug_line    0x0000000000001e5c     0x10a8 ./system/src/stm32f4-hal/stm32f4xx_hal_gpio.o
 .debug_line    0x0000000000002f04     0x146d ./system/src/stm32f4-hal/stm32f4xx_hal_rcc.o
 .debug_line    0x0000000000004371      0x3e7 ./system/src/newlib/sbrk.o
 .debug_line    0x0000000000004758      0x6dc ./system/src/newlib/startup.o
 .debug_line    0x0000000000004e34     0x11b4 ./system/src/newlib/syscalls.o
 .debug_line    0x0000000000005fe8      0xc42 ./system/src/diag/trace-impl.o
 .debug_line    0x0000000000006c2a      0x4da ./system/src/diag/trace.o
 .debug_line    0x0000000000007104      0xfa9 ./system/src/cortexm/exception-handlers.o
 .debug_line    0x00000000000080ad      0xa52 ./system/src/cortexm/initialize-hardware.o
 .debug_line    0x0000000000008aff      0xae4 ./system/src/cmsis/system_stm32f4xx.o
 .debug_line    0x00000000000095e3      0x2ea ./system/src/cmsis/vectors_stm32f407xx.o
 .debug_line    0x00000000000098cd      0xbff ./src/initialize-hardware.o
 .debug_line    0x000000000000a4cc      0xa5f ./src/led.o
 .debug_line    0x000000000000af2b      0xbef ./src/main.o
 .debug_line    0x000000000000bb1a      0xa42 ./src/stm32f4xx_hal_msp.o
 .debug_line    0x000000000000c55c      0xb1a ./src/timer.o

.debug_frame    0x0000000000000000     0x17a8
 *(.debug_frame)
 .debug_frame   0x0000000000000000      0x1f0 ./system/src/stm32f4-hal/stm32f4xx_hal.o
 .debug_frame   0x00000000000001f0      0x19c ./system/src/stm32f4-hal/stm32f4xx_hal_cortex.o
 .debug_frame   0x000000000000038c       0xfc ./system/src/stm32f4-hal/stm32f4xx_hal_gpio.o
 .debug_frame   0x0000000000000488      0x16c ./system/src/stm32f4-hal/stm32f4xx_hal_rcc.o
 .debug_frame   0x00000000000005f4       0x28 ./system/src/newlib/sbrk.o
 .debug_frame   0x000000000000061c       0x7c ./system/src/newlib/startup.o
 .debug_frame   0x0000000000000698      0x3d8 ./system/src/newlib/syscalls.o
 .debug_frame   0x0000000000000a70       0x60 ./system/src/diag/trace-impl.o
 .debug_frame   0x0000000000000ad0       0x94 ./system/src/diag/trace.o
 .debug_frame   0x0000000000000b64      0x164 ./system/src/cortexm/exception-handlers.o
 .debug_frame   0x0000000000000cc8       0x40 ./system/src/cortexm/initialize-hardware.o
 .debug_frame   0x0000000000000d08       0x30 ./system/src/cmsis/system_stm32f4xx.o
 .debug_frame   0x0000000000000d38       0x20 ./system/src/cmsis/vectors_stm32f407xx.o
 .debug_frame   0x0000000000000d58       0x60 ./src/initialize-hardware.o
 .debug_frame   0x0000000000000db8       0x5c ./src/led.o
 .debug_frame   0x0000000000000e14       0x44 ./src/main.o
 .debug_frame   0x0000000000000e58       0x50 ./src/stm32f4xx_hal_msp.o
 .debug_frame   0x0000000000000ea8       0x58 ./src/timer.o
 .debug_frame   0x0000000000000f00       0x2c /home/virgocoachman/.local/xPacks/@xpack-dev-tools/arm-none-eabi-gcc/10.2.1-1.1.2/.content/bin/../lib/gcc/arm-none-eabi/10.2.1/thumb/v7e-m/nofp/libgcc.a(_aeabi_uldivmod.o)
 .debug_frame   0x0000000000000f2c       0x34 /home/virgocoachman/.local/xPacks/@xpack-dev-tools/arm-none-eabi-gcc/10.2.1-1.1.2/.content/bin/../lib/gcc/arm-none-eabi/10.2.1/thumb/v7e-m/nofp/libgcc.a(_udivmoddi4.o)
 .debug_frame   0x0000000000000f60       0x20 /home/virgocoachman/.local/xPacks/@xpack-dev-tools/arm-none-eabi-gcc/10.2.1-1.1.2/.content/bin/../lib/gcc/arm-none-eabi/10.2.1/../../../../arm-none-eabi/lib/thumb/v7e-m/nofp/libg_nano.a(lib_a-errno.o)
 .debug_frame   0x0000000000000f80      0x14c /home/virgocoachman/.local/xPacks/@xpack-dev-tools/arm-none-eabi-gcc/10.2.1-1.1.2/.content/bin/../lib/gcc/arm-none-eabi/10.2.1/../../../../arm-none-eabi/lib/thumb/v7e-m/nofp/libg_nano.a(lib_a-findfp.o)
 .debug_frame   0x00000000000010cc       0x54 /home/virgocoachman/.local/xPacks/@xpack-dev-tools/arm-none-eabi-gcc/10.2.1-1.1.2/.content/bin/../lib/gcc/arm-none-eabi/10.2.1/../../../../arm-none-eabi/lib/thumb/v7e-m/nofp/libg_nano.a(lib_a-fwalk.o)
 .debug_frame   0x0000000000001120       0xb0 /home/virgocoachman/.local/xPacks/@xpack-dev-tools/arm-none-eabi-gcc/10.2.1-1.1.2/.content/bin/../lib/gcc/arm-none-eabi/10.2.1/../../../../arm-none-eabi/lib/thumb/v7e-m/nofp/libg_nano.a(lib_a-lock.o)
 .debug_frame   0x00000000000011d0       0x20 /home/virgocoachman/.local/xPacks/@xpack-dev-tools/arm-none-eabi-gcc/10.2.1-1.1.2/.content/bin/../lib/gcc/arm-none-eabi/10.2.1/../../../../arm-none-eabi/lib/thumb/v7e-m/nofp/libg_nano.a(lib_a-memset.o)
 .debug_frame   0x00000000000011f0       0x30 /home/virgocoachman/.local/xPacks/@xpack-dev-tools/arm-none-eabi-gcc/10.2.1-1.1.2/.content/bin/../lib/gcc/arm-none-eabi/10.2.1/../../../../arm-none-eabi/lib/thumb/v7e-m/nofp/libg_nano.a(lib_a-nano-mallocr.o)
 .debug_frame   0x0000000000001220       0x3c /home/virgocoachman/.local/xPacks/@xpack-dev-tools/arm-none-eabi-gcc/10.2.1-1.1.2/.content/bin/../lib/gcc/arm-none-eabi/10.2.1/../../../../arm-none-eabi/lib/thumb/v7e-m/nofp/libg_nano.a(lib_a-puts.o)
 .debug_frame   0x000000000000125c       0x2c /home/virgocoachman/.local/xPacks/@xpack-dev-tools/arm-none-eabi-gcc/10.2.1-1.1.2/.content/bin/../lib/gcc/arm-none-eabi/10.2.1/../../../../arm-none-eabi/lib/thumb/v7e-m/nofp/libg_nano.a(lib_a-sbrkr.o)
 .debug_frame   0x0000000000001288       0x88 /home/virgocoachman/.local/xPacks/@xpack-dev-tools/arm-none-eabi-gcc/10.2.1-1.1.2/.content/bin/../lib/gcc/arm-none-eabi/10.2.1/../../../../arm-none-eabi/lib/thumb/v7e-m/nofp/libg_nano.a(lib_a-stdio.o)
 .debug_frame   0x0000000000001310       0x20 /home/virgocoachman/.local/xPacks/@xpack-dev-tools/arm-none-eabi-gcc/10.2.1-1.1.2/.content/bin/../lib/gcc/arm-none-eabi/10.2.1/../../../../arm-none-eabi/lib/thumb/v7e-m/nofp/libg_nano.a(lib_a-strcmp.o)
 .debug_frame   0x0000000000001330       0x4c /home/virgocoachman/.local/xPacks/@xpack-dev-tools/arm-none-eabi-gcc/10.2.1-1.1.2/.content/bin/../lib/gcc/arm-none-eabi/10.2.1/../../../../arm-none-eabi/lib/thumb/v7e-m/nofp/libg_nano.a(lib_a-vsnprintf.o)
 .debug_frame   0x000000000000137c       0x40 /home/virgocoachman/.local/xPacks/@xpack-dev-tools/arm-none-eabi-gcc/10.2.1-1.1.2/.content/bin/../lib/gcc/arm-none-eabi/10.2.1/../../../../arm-none-eabi/lib/thumb/v7e-m/nofp/libg_nano.a(lib_a-wbuf.o)
 .debug_frame   0x00000000000013bc       0x2c /home/virgocoachman/.local/xPacks/@xpack-dev-tools/arm-none-eabi-gcc/10.2.1-1.1.2/.content/bin/../lib/gcc/arm-none-eabi/10.2.1/../../../../arm-none-eabi/lib/thumb/v7e-m/nofp/libg_nano.a(lib_a-writer.o)
 .debug_frame   0x00000000000013e8       0x2c /home/virgocoachman/.local/xPacks/@xpack-dev-tools/arm-none-eabi-gcc/10.2.1-1.1.2/.content/bin/../lib/gcc/arm-none-eabi/10.2.1/../../../../arm-none-eabi/lib/thumb/v7e-m/nofp/libg_nano.a(lib_a-wsetup.o)
 .debug_frame   0x0000000000001414       0x2c /home/virgocoachman/.local/xPacks/@xpack-dev-tools/arm-none-eabi-gcc/10.2.1-1.1.2/.content/bin/../lib/gcc/arm-none-eabi/10.2.1/../../../../arm-none-eabi/lib/thumb/v7e-m/nofp/libg_nano.a(lib_a-closer.o)
 .debug_frame   0x0000000000001440       0x5c /home/virgocoachman/.local/xPacks/@xpack-dev-tools/arm-none-eabi-gcc/10.2.1-1.1.2/.content/bin/../lib/gcc/arm-none-eabi/10.2.1/../../../../arm-none-eabi/lib/thumb/v7e-m/nofp/libg_nano.a(lib_a-fflush.o)
 .debug_frame   0x000000000000149c       0x2c /home/virgocoachman/.local/xPacks/@xpack-dev-tools/arm-none-eabi-gcc/10.2.1-1.1.2/.content/bin/../lib/gcc/arm-none-eabi/10.2.1/../../../../arm-none-eabi/lib/thumb/v7e-m/nofp/libg_nano.a(lib_a-lseekr.o)
 .debug_frame   0x00000000000014c8       0x58 /home/virgocoachman/.local/xPacks/@xpack-dev-tools/arm-none-eabi-gcc/10.2.1-1.1.2/.content/bin/../lib/gcc/arm-none-eabi/10.2.1/../../../../arm-none-eabi/lib/thumb/v7e-m/nofp/libg_nano.a(lib_a-makebuf.o)
 .debug_frame   0x0000000000001520       0x30 /home/virgocoachman/.local/xPacks/@xpack-dev-tools/arm-none-eabi-gcc/10.2.1-1.1.2/.content/bin/../lib/gcc/arm-none-eabi/10.2.1/../../../../arm-none-eabi/lib/thumb/v7e-m/nofp/libg_nano.a(lib_a-mlock.o)
 .debug_frame   0x0000000000001550       0x38 /home/virgocoachman/.local/xPacks/@xpack-dev-tools/arm-none-eabi-gcc/10.2.1-1.1.2/.content/bin/../lib/gcc/arm-none-eabi/10.2.1/../../../../arm-none-eabi/lib/thumb/v7e-m/nofp/libg_nano.a(lib_a-nano-freer.o)
 .debug_frame   0x0000000000001588       0x90 /home/virgocoachman/.local/xPacks/@xpack-dev-tools/arm-none-eabi-gcc/10.2.1-1.1.2/.content/bin/../lib/gcc/arm-none-eabi/10.2.1/../../../../arm-none-eabi/lib/thumb/v7e-m/nofp/libg_nano.a(lib_a-nano-svfprintf.o)
 .debug_frame   0x0000000000001618       0x60 /home/virgocoachman/.local/xPacks/@xpack-dev-tools/arm-none-eabi-gcc/10.2.1-1.1.2/.content/bin/../lib/gcc/arm-none-eabi/10.2.1/../../../../arm-none-eabi/lib/thumb/v7e-m/nofp/libg_nano.a(lib_a-nano-vfprintf_i.o)
 .debug_frame   0x0000000000001678       0x2c /home/virgocoachman/.local/xPacks/@xpack-dev-tools/arm-none-eabi-gcc/10.2.1-1.1.2/.content/bin/../lib/gcc/arm-none-eabi/10.2.1/../../../../arm-none-eabi/lib/thumb/v7e-m/nofp/libg_nano.a(lib_a-readr.o)
 .debug_frame   0x00000000000016a4       0x2c /home/virgocoachman/.local/xPacks/@xpack-dev-tools/arm-none-eabi-gcc/10.2.1-1.1.2/.content/bin/../lib/gcc/arm-none-eabi/10.2.1/../../../../arm-none-eabi/lib/thumb/v7e-m/nofp/libg_nano.a(lib_a-fstatr.o)
 .debug_frame   0x00000000000016d0       0x2c /home/virgocoachman/.local/xPacks/@xpack-dev-tools/arm-none-eabi-gcc/10.2.1-1.1.2/.content/bin/../lib/gcc/arm-none-eabi/10.2.1/../../../../arm-none-eabi/lib/thumb/v7e-m/nofp/libg_nano.a(lib_a-isattyr.o)
 .debug_frame   0x00000000000016fc       0x28 /home/virgocoachman/.local/xPacks/@xpack-dev-tools/arm-none-eabi-gcc/10.2.1-1.1.2/.content/bin/../lib/gcc/arm-none-eabi/10.2.1/../../../../arm-none-eabi/lib/thumb/v7e-m/nofp/libg_nano.a(lib_a-memcpy-stub.o)
 .debug_frame   0x0000000000001724       0x28 /home/virgocoachman/.local/xPacks/@xpack-dev-tools/arm-none-eabi-gcc/10.2.1-1.1.2/.content/bin/../lib/gcc/arm-none-eabi/10.2.1/../../../../arm-none-eabi/lib/thumb/v7e-m/nofp/libg_nano.a(lib_a-memmove.o)
 .debug_frame   0x000000000000174c       0x3c /home/virgocoachman/.local/xPacks/@xpack-dev-tools/arm-none-eabi-gcc/10.2.1-1.1.2/.content/bin/../lib/gcc/arm-none-eabi/10.2.1/../../../../arm-none-eabi/lib/thumb/v7e-m/nofp/libg_nano.a(lib_a-nano-reallocr.o)
 .debug_frame   0x0000000000001788       0x20 /home/virgocoachman/.local/xPacks/@xpack-dev-tools/arm-none-eabi-gcc/10.2.1-1.1.2/.content/bin/../lib/gcc/arm-none-eabi/10.2.1/../../../../arm-none-eabi/lib/thumb/v7e-m/nofp/libg_nano.a(lib_a-nano-msizer.o)

.debug_str      0x0000000000000000    0xf75dd
 *(.debug_str)
 .debug_str     0x0000000000000000    0xeeba6 ./system/src/stm32f4-hal/stm32f4xx_hal.o
                                      0xeef34 (size before relaxing)
 .debug_str     0x00000000000eeba6      0x3bd ./system/src/stm32f4-hal/stm32f4xx_hal_cortex.o
                                      0xeec73 (size before relaxing)
 .debug_str     0x00000000000eef63      0x27d ./system/src/stm32f4-hal/stm32f4xx_hal_gpio.o
                                      0xee5d0 (size before relaxing)
 .debug_str     0x00000000000ef1e0      0x3b2 ./system/src/stm32f4-hal/stm32f4xx_hal_rcc.o
                                      0xee7ed (size before relaxing)
 .debug_str     0x00000000000ef592     0x3598 ./system/src/newlib/sbrk.o
                                       0x6b21 (size before relaxing)
 .debug_str     0x00000000000f2b2a      0x2cb ./system/src/newlib/startup.o
                                       0x634b (size before relaxing)
 .debug_str     0x00000000000f2df5     0x3f8b ./system/src/newlib/syscalls.o
                                       0xb598 (size before relaxing)
 .debug_str     0x00000000000f6d80       0x94 ./system/src/diag/trace-impl.o
                                      0xf15e8 (size before relaxing)
 .debug_str     0x00000000000f6e14      0x162 ./system/src/diag/trace.o
                                       0x7ec7 (size before relaxing)
 .debug_str     0x00000000000f6f76      0x1dc ./system/src/cortexm/exception-handlers.o
                                      0xf27fa (size before relaxing)
 .debug_str     0x00000000000f7152       0x5d ./system/src/cortexm/initialize-hardware.o
                                      0xee2d3 (size before relaxing)
 .debug_str     0x00000000000f71af       0x46 ./system/src/cmsis/system_stm32f4xx.o
                                      0xee3c1 (size before relaxing)
 .debug_str     0x00000000000f71f5       0x59 ./system/src/cmsis/vectors_stm32f407xx.o
                                       0x3cc6 (size before relaxing)
 .debug_str     0x00000000000f724e       0x30 ./src/initialize-hardware.o
                                      0xf159e (size before relaxing)
 .debug_str     0x00000000000f727e      0x137 ./src/led.o
                                      0xee487 (size before relaxing)
 .debug_str     0x00000000000f73b5      0x19a ./src/main.o
                                      0xf2d77 (size before relaxing)
 .debug_str     0x00000000000f754f       0x3d ./src/stm32f4xx_hal_msp.o
                                      0xee1fe (size before relaxing)
 .debug_str     0x00000000000f758c       0x51 ./src/timer.o
                                      0xee8e2 (size before relaxing)

.debug_loc      0x0000000000000000     0x39d9
 *(.debug_loc)
 .debug_loc     0x0000000000000000      0x130 ./system/src/stm32f4-hal/stm32f4xx_hal.o
 .debug_loc     0x0000000000000130      0x92e ./system/src/stm32f4-hal/stm32f4xx_hal_cortex.o
 .debug_loc     0x0000000000000a5e      0x66d ./system/src/stm32f4-hal/stm32f4xx_hal_gpio.o
 .debug_loc     0x00000000000010cb      0x56f ./system/src/stm32f4-hal/stm32f4xx_hal_rcc.o
 .debug_loc     0x000000000000163a       0x97 ./system/src/newlib/sbrk.o
 .debug_loc     0x00000000000016d1      0x49b ./system/src/newlib/startup.o
 .debug_loc     0x0000000000001b6c     0x1427 ./system/src/newlib/syscalls.o
 .debug_loc     0x0000000000002f93      0x1a1 ./system/src/diag/trace-impl.o
 .debug_loc     0x0000000000003134      0x118 ./system/src/diag/trace.o
 .debug_loc     0x000000000000324c      0x524 ./system/src/cortexm/exception-handlers.o
 .debug_loc     0x0000000000003770      0x158 ./system/src/cmsis/system_stm32f4xx.o
 .debug_loc     0x00000000000038c8       0x64 ./src/initialize-hardware.o
 .debug_loc     0x000000000000392c       0x4a ./src/main.o
 .debug_loc     0x0000000000003976       0x63 ./src/timer.o

.debug_macinfo
 *(.debug_macinfo)

.debug_weaknames
 *(.debug_weaknames)

.debug_funcnames
 *(.debug_funcnames)

.debug_typenames
 *(.debug_typenames)

.debug_varnames
 *(.debug_varnames)
OUTPUT(Smart_Traffic_Light.elf elf32-littlearm)
LOAD linker stubs

.debug_ranges   0x0000000000000000      0x640
 .debug_ranges  0x0000000000000000       0xe0 ./system/src/stm32f4-hal/stm32f4xx_hal.o
 .debug_ranges  0x00000000000000e0      0x128 ./system/src/stm32f4-hal/stm32f4xx_hal_cortex.o
 .debug_ranges  0x0000000000000208       0x48 ./system/src/stm32f4-hal/stm32f4xx_hal_gpio.o
 .debug_ranges  0x0000000000000250       0x90 ./system/src/stm32f4-hal/stm32f4xx_hal_rcc.o
 .debug_ranges  0x00000000000002e0       0x10 ./system/src/newlib/sbrk.o
 .debug_ranges  0x00000000000002f0       0x78 ./system/src/newlib/startup.o
 .debug_ranges  0x0000000000000368      0x128 ./system/src/newlib/syscalls.o
 .debug_ranges  0x0000000000000490       0x20 ./system/src/diag/trace-impl.o
 .debug_ranges  0x00000000000004b0       0x28 ./system/src/diag/trace.o
 .debug_ranges  0x00000000000004d8       0x80 ./system/src/cortexm/exception-handlers.o
 .debug_ranges  0x0000000000000558       0x18 ./system/src/cortexm/initialize-hardware.o
 .debug_ranges  0x0000000000000570       0x18 ./system/src/cmsis/system_stm32f4xx.o
 .debug_ranges  0x0000000000000588       0x10 ./system/src/cmsis/vectors_stm32f407xx.o
 .debug_ranges  0x0000000000000598       0x20 ./src/initialize-hardware.o
 .debug_ranges  0x00000000000005b8       0x20 ./src/led.o
 .debug_ranges  0x00000000000005d8       0x18 ./src/main.o
 .debug_ranges  0x00000000000005f0       0x28 ./src/stm32f4xx_hal_msp.o
 .debug_ranges  0x0000000000000618       0x28 ./src/timer.o

.debug_macro    0x0000000000000000    0x2944b
 .debug_macro   0x0000000000000000      0x44c ./system/src/stm32f4-hal/stm32f4xx_hal.o
 .debug_macro   0x000000000000044c      0xa84 ./system/src/stm32f4-hal/stm32f4xx_hal.o
 .debug_macro   0x0000000000000ed0      0x3a2 ./system/src/stm32f4-hal/stm32f4xx_hal.o
 .debug_macro   0x0000000000001272       0x2e ./system/src/stm32f4-hal/stm32f4xx_hal.o
 .debug_macro   0x00000000000012a0       0x2f ./system/src/stm32f4-hal/stm32f4xx_hal.o
 .debug_macro   0x00000000000012cf       0x22 ./system/src/stm32f4-hal/stm32f4xx_hal.o
 .debug_macro   0x00000000000012f1       0x8e ./system/src/stm32f4-hal/stm32f4xx_hal.o
 .debug_macro   0x000000000000137f       0x51 ./system/src/stm32f4-hal/stm32f4xx_hal.o
 .debug_macro   0x00000000000013d0      0x103 ./system/src/stm32f4-hal/stm32f4xx_hal.o
 .debug_macro   0x00000000000014d3       0x6a ./system/src/stm32f4-hal/stm32f4xx_hal.o
 .debug_macro   0x000000000000153d      0x1df ./system/src/stm32f4-hal/stm32f4xx_hal.o
 .debug_macro   0x000000000000171c       0x1c ./system/src/stm32f4-hal/stm32f4xx_hal.o
 .debug_macro   0x0000000000001738       0x22 ./system/src/stm32f4-hal/stm32f4xx_hal.o
 .debug_macro   0x000000000000175a       0xd9 ./system/src/stm32f4-hal/stm32f4xx_hal.o
 .debug_macro   0x0000000000001833     0x102d ./system/src/stm32f4-hal/stm32f4xx_hal.o
 .debug_macro   0x0000000000002860      0x11f ./system/src/stm32f4-hal/stm32f4xx_hal.o
 .debug_macro   0x000000000000297f    0x15e3c ./system/src/stm32f4-hal/stm32f4xx_hal.o
 .debug_macro   0x00000000000187bb       0x43 ./system/src/stm32f4-hal/stm32f4xx_hal.o
 .debug_macro   0x00000000000187fe     0x3659 ./system/src/stm32f4-hal/stm32f4xx_hal.o
 .debug_macro   0x000000000001be57      0x174 ./system/src/stm32f4-hal/stm32f4xx_hal.o
 .debug_macro   0x000000000001bfcb       0x5a ./system/src/stm32f4-hal/stm32f4xx_hal.o
 .debug_macro   0x000000000001c025      0x96b ./system/src/stm32f4-hal/stm32f4xx_hal.o
 .debug_macro   0x000000000001c990      0x9fe ./system/src/stm32f4-hal/stm32f4xx_hal.o
 .debug_macro   0x000000000001d38e      0x117 ./system/src/stm32f4-hal/stm32f4xx_hal.o
 .debug_macro   0x000000000001d4a5      0x13e ./system/src/stm32f4-hal/stm32f4xx_hal.o
 .debug_macro   0x000000000001d5e3       0x27 ./system/src/stm32f4-hal/stm32f4xx_hal.o
 .debug_macro   0x000000000001d60a      0x174 ./system/src/stm32f4-hal/stm32f4xx_hal.o
 .debug_macro   0x000000000001d77e      0x287 ./system/src/stm32f4-hal/stm32f4xx_hal.o
 .debug_macro   0x000000000001da05       0x5f ./system/src/stm32f4-hal/stm32f4xx_hal.o
 .debug_macro   0x000000000001da64      0x236 ./system/src/stm32f4-hal/stm32f4xx_hal.o
 .debug_macro   0x000000000001dc9a      0x391 ./system/src/stm32f4-hal/stm32f4xx_hal.o
 .debug_macro   0x000000000001e02b      0x176 ./system/src/stm32f4-hal/stm32f4xx_hal.o
 .debug_macro   0x000000000001e1a1       0xf9 ./system/src/stm32f4-hal/stm32f4xx_hal.o
 .debug_macro   0x000000000001e29a      0x40f ./system/src/stm32f4-hal/stm32f4xx_hal.o
 .debug_macro   0x000000000001e6a9       0x22 ./system/src/stm32f4-hal/stm32f4xx_hal.o
 .debug_macro   0x000000000001e6cb       0xea ./system/src/stm32f4-hal/stm32f4xx_hal.o
 .debug_macro   0x000000000001e7b5       0xa0 ./system/src/stm32f4-hal/stm32f4xx_hal.o
 .debug_macro   0x000000000001e855       0x3c ./system/src/stm32f4-hal/stm32f4xx_hal.o
 .debug_macro   0x000000000001e891       0x1f ./system/src/stm32f4-hal/stm32f4xx_hal.o
 .debug_macro   0x000000000001e8b0      0x1d2 ./system/src/stm32f4-hal/stm32f4xx_hal.o
 .debug_macro   0x000000000001ea82      0xccf ./system/src/stm32f4-hal/stm32f4xx_hal.o
 .debug_macro   0x000000000001f751      0x12c ./system/src/stm32f4-hal/stm32f4xx_hal.o
 .debug_macro   0x000000000001f87d      0x21e ./system/src/stm32f4-hal/stm32f4xx_hal.o
 .debug_macro   0x000000000001fa9b       0x2e ./system/src/stm32f4-hal/stm32f4xx_hal.o
 .debug_macro   0x000000000001fac9      0x543 ./system/src/stm32f4-hal/stm32f4xx_hal.o
 .debug_macro   0x000000000002000c       0x88 ./system/src/stm32f4-hal/stm32f4xx_hal.o
 .debug_macro   0x0000000000020094       0xea ./system/src/stm32f4-hal/stm32f4xx_hal.o
 .debug_macro   0x000000000002017e      0x184 ./system/src/stm32f4-hal/stm32f4xx_hal.o
 .debug_macro   0x0000000000020302      0x1b5 ./system/src/stm32f4-hal/stm32f4xx_hal.o
 .debug_macro   0x00000000000204b7       0xd6 ./system/src/stm32f4-hal/stm32f4xx_hal.o
 .debug_macro   0x000000000002058d      0x26b ./system/src/stm32f4-hal/stm32f4xx_hal.o
 .debug_macro   0x00000000000207f8      0x1a7 ./system/src/stm32f4-hal/stm32f4xx_hal.o
 .debug_macro   0x000000000002099f       0x46 ./system/src/stm32f4-hal/stm32f4xx_hal.o
 .debug_macro   0x00000000000209e5       0x4a ./system/src/stm32f4-hal/stm32f4xx_hal.o
 .debug_macro   0x0000000000020a2f       0x78 ./system/src/stm32f4-hal/stm32f4xx_hal.o
 .debug_macro   0x0000000000020aa7      0x11a ./system/src/stm32f4-hal/stm32f4xx_hal.o
 .debug_macro   0x0000000000020bc1       0x7e ./system/src/stm32f4-hal/stm32f4xx_hal.o
 .debug_macro   0x0000000000020c3f       0x89 ./system/src/stm32f4-hal/stm32f4xx_hal.o
 .debug_macro   0x0000000000020cc8       0xa4 ./system/src/stm32f4-hal/stm32f4xx_hal.o
 .debug_macro   0x0000000000020d6c      0x31a ./system/src/stm32f4-hal/stm32f4xx_hal.o
 .debug_macro   0x0000000000021086      0x405 ./system/src/stm32f4-hal/stm32f4xx_hal.o
 .debug_macro   0x000000000002148b       0xe4 ./system/src/stm32f4-hal/stm32f4xx_hal.o
 .debug_macro   0x000000000002156f      0x861 ./system/src/stm32f4-hal/stm32f4xx_hal.o
 .debug_macro   0x0000000000021dd0      0x1d5 ./system/src/stm32f4-hal/stm32f4xx_hal.o
 .debug_macro   0x0000000000021fa5      0x225 ./system/src/stm32f4-hal/stm32f4xx_hal.o
 .debug_macro   0x00000000000221ca      0x8a0 ./system/src/stm32f4-hal/stm32f4xx_hal.o
 .debug_macro   0x0000000000022a6a       0x47 ./system/src/stm32f4-hal/stm32f4xx_hal.o
 .debug_macro   0x0000000000022ab1      0x287 ./system/src/stm32f4-hal/stm32f4xx_hal.o
 .debug_macro   0x0000000000022d38      0x217 ./system/src/stm32f4-hal/stm32f4xx_hal.o
 .debug_macro   0x0000000000022f4f      0x1b5 ./system/src/stm32f4-hal/stm32f4xx_hal.o
 .debug_macro   0x0000000000023104      0x2db ./system/src/stm32f4-hal/stm32f4xx_hal.o
 .debug_macro   0x00000000000233df       0x8d ./system/src/stm32f4-hal/stm32f4xx_hal.o
 .debug_macro   0x000000000002346c      0x21e ./system/src/stm32f4-hal/stm32f4xx_hal.o
 .debug_macro   0x000000000002368a       0xba ./system/src/stm32f4-hal/stm32f4xx_hal.o
 .debug_macro   0x0000000000023744       0x6e ./system/src/stm32f4-hal/stm32f4xx_hal.o
 .debug_macro   0x00000000000237b2      0x1e9 ./system/src/stm32f4-hal/stm32f4xx_hal.o
 .debug_macro   0x000000000002399b      0x12d ./system/src/stm32f4-hal/stm32f4xx_hal.o
 .debug_macro   0x0000000000023ac8      0x3ec ./system/src/stm32f4-hal/stm32f4xx_hal_cortex.o
 .debug_macro   0x0000000000023eb4      0x422 ./system/src/stm32f4-hal/stm32f4xx_hal_gpio.o
 .debug_macro   0x00000000000242d6      0x410 ./system/src/stm32f4-hal/stm32f4xx_hal_rcc.o
 .debug_macro   0x00000000000246e6      0x163 ./system/src/newlib/sbrk.o
 .debug_macro   0x0000000000024849       0x10 ./system/src/newlib/sbrk.o
 .debug_macro   0x0000000000024859      0x23b ./system/src/newlib/sbrk.o
 .debug_macro   0x0000000000024a94      0x174 ./system/src/newlib/startup.o
 .debug_macro   0x0000000000024c08      0xa8a ./system/src/newlib/startup.o
 .debug_macro   0x0000000000025692       0x6a ./system/src/newlib/startup.o
 .debug_macro   0x00000000000256fc      0x2dd ./system/src/newlib/syscalls.o
 .debug_macro   0x00000000000259d9       0x10 ./system/src/newlib/syscalls.o
 .debug_macro   0x00000000000259e9       0x10 ./system/src/newlib/syscalls.o
 .debug_macro   0x00000000000259f9       0x10 ./system/src/newlib/syscalls.o
 .debug_macro   0x0000000000025a09       0x35 ./system/src/newlib/syscalls.o
 .debug_macro   0x0000000000025a3e      0x12c ./system/src/newlib/syscalls.o
 .debug_macro   0x0000000000025b6a      0x22a ./system/src/newlib/syscalls.o
 .debug_macro   0x0000000000025d94       0x10 ./system/src/newlib/syscalls.o
 .debug_macro   0x0000000000025da4       0x1c ./system/src/newlib/syscalls.o
 .debug_macro   0x0000000000025dc0       0x10 ./system/src/newlib/syscalls.o
 .debug_macro   0x0000000000025dd0       0x10 ./system/src/newlib/syscalls.o
 .debug_macro   0x0000000000025de0       0x16 ./system/src/newlib/syscalls.o
 .debug_macro   0x0000000000025df6      0x16f ./system/src/newlib/syscalls.o
 .debug_macro   0x0000000000025f65       0x16 ./system/src/newlib/syscalls.o
 .debug_macro   0x0000000000025f7b       0xce ./system/src/newlib/syscalls.o
 .debug_macro   0x0000000000026049      0x241 ./system/src/newlib/syscalls.o
 .debug_macro   0x000000000002628a       0x16 ./system/src/newlib/syscalls.o
 .debug_macro   0x00000000000262a0       0x3a ./system/src/newlib/syscalls.o
 .debug_macro   0x00000000000262da      0x11f ./system/src/newlib/syscalls.o
 .debug_macro   0x00000000000263f9      0x189 ./system/src/newlib/syscalls.o
 .debug_macro   0x0000000000026582       0x16 ./system/src/newlib/syscalls.o
 .debug_macro   0x0000000000026598       0x22 ./system/src/newlib/syscalls.o
 .debug_macro   0x00000000000265ba      0x51b ./system/src/diag/trace-impl.o